Archive member included to satisfy reference by file (symbol)

C:/nxp/MCUXpressoIDE_24.12.148/ide/plugins/com.nxp.mcuxpresso.tools.win32_24.12.0.202407110909/tools/bin/../lib/gcc/arm-none-eabi/13.2.1/../../../../arm-none-eabi/lib/thumb/v7e-m+fp/hard\libcr_nohost_nf.a(_cr__main.o)
                              ./startup/startup_mk64f12.o (__main)
C:/nxp/MCUXpressoIDE_24.12.148/ide/plugins/com.nxp.mcuxpresso.tools.win32_24.12.0.202407110909/tools/bin/../lib/gcc/arm-none-eabi/13.2.1/../../../../arm-none-eabi/lib/thumb/v7e-m+fp/hard\libcr_nohost_nf.a(_cr_assert.o)
                              ./drivers/fsl_clock.o (__assertion_failed)
C:/nxp/MCUXpressoIDE_24.12.148/ide/plugins/com.nxp.mcuxpresso.tools.win32_24.12.0.202407110909/tools/bin/../lib/gcc/arm-none-eabi/13.2.1/../../../../arm-none-eabi/lib/thumb/v7e-m+fp/hard\libcr_nohost_nf.a(__ciob.o)
                              C:/nxp/MCUXpressoIDE_24.12.148/ide/plugins/com.nxp.mcuxpresso.tools.win32_24.12.0.202407110909/tools/bin/../lib/gcc/arm-none-eabi/13.2.1/../../../../arm-none-eabi/lib/thumb/v7e-m+fp/hard\libcr_nohost_nf.a(_cr_assert.o) (__Ciob)
C:/nxp/MCUXpressoIDE_24.12.148/ide/plugins/com.nxp.mcuxpresso.tools.win32_24.12.0.202407110909/tools/bin/../lib/gcc/arm-none-eabi/13.2.1/../../../../arm-none-eabi/lib/thumb/v7e-m+fp/hard\libcr_nohost_nf.a(__sys_appexit.o)
                              C:/nxp/MCUXpressoIDE_24.12.148/ide/plugins/com.nxp.mcuxpresso.tools.win32_24.12.0.202407110909/tools/bin/../lib/gcc/arm-none-eabi/13.2.1/../../../../arm-none-eabi/lib/thumb/v7e-m+fp/hard\libcr_nohost_nf.a(_cr_assert.o) (__sys_appexit)
C:/nxp/MCUXpressoIDE_24.12.148/ide/plugins/com.nxp.mcuxpresso.tools.win32_24.12.0.202407110909/tools/bin/../lib/gcc/arm-none-eabi/13.2.1/../../../../arm-none-eabi/lib/thumb/v7e-m+fp/hard\libcr_c.a(memcpy.o)
                              ./utilities/fsl_str.o (memcpy)
C:/nxp/MCUXpressoIDE_24.12.148/ide/plugins/com.nxp.mcuxpresso.tools.win32_24.12.0.202407110909/tools/bin/../lib/gcc/arm-none-eabi/13.2.1/../../../../arm-none-eabi/lib/thumb/v7e-m+fp/hard\libcr_c.a(memset.o)
                              ./utilities/fsl_debug_console.o (memset)
C:/nxp/MCUXpressoIDE_24.12.148/ide/plugins/com.nxp.mcuxpresso.tools.win32_24.12.0.202407110909/tools/bin/../lib/gcc/arm-none-eabi/13.2.1/../../../../arm-none-eabi/lib/thumb/v7e-m+fp/hard\libcr_c.a(_deferredlazyseek.o)
                              C:/nxp/MCUXpressoIDE_24.12.148/ide/plugins/com.nxp.mcuxpresso.tools.win32_24.12.0.202407110909/tools/bin/../lib/gcc/arm-none-eabi/13.2.1/../../../../arm-none-eabi/lib/thumb/v7e-m+fp/hard\libcr_nohost_nf.a(_cr_assert.o) (__flsbuf)
C:/nxp/MCUXpressoIDE_24.12.148/ide/plugins/com.nxp.mcuxpresso.tools.win32_24.12.0.202407110909/tools/bin/../lib/gcc/arm-none-eabi/13.2.1/../../../../arm-none-eabi/lib/thumb/v7e-m+fp/hard\libcr_c.a(_fflush.o)
                              C:/nxp/MCUXpressoIDE_24.12.148/ide/plugins/com.nxp.mcuxpresso.tools.win32_24.12.0.202407110909/tools/bin/../lib/gcc/arm-none-eabi/13.2.1/../../../../arm-none-eabi/lib/thumb/v7e-m+fp/hard\libcr_c.a(_deferredlazyseek.o) (_fflush)
C:/nxp/MCUXpressoIDE_24.12.148/ide/plugins/com.nxp.mcuxpresso.tools.win32_24.12.0.202407110909/tools/bin/../lib/gcc/arm-none-eabi/13.2.1/../../../../arm-none-eabi/lib/thumb/v7e-m+fp/hard\libcr_c.a(_writebuf.o)
                              C:/nxp/MCUXpressoIDE_24.12.148/ide/plugins/com.nxp.mcuxpresso.tools.win32_24.12.0.202407110909/tools/bin/../lib/gcc/arm-none-eabi/13.2.1/../../../../arm-none-eabi/lib/thumb/v7e-m+fp/hard\libcr_c.a(_deferredlazyseek.o) (_Cwritebuf)
C:/nxp/MCUXpressoIDE_24.12.148/ide/plugins/com.nxp.mcuxpresso.tools.win32_24.12.0.202407110909/tools/bin/../lib/gcc/arm-none-eabi/13.2.1/../../../../arm-none-eabi/lib/thumb/v7e-m+fp/hard\libcr_c.a(alloc.o)
                              ./drivers/fsl_common.o (malloc)
C:/nxp/MCUXpressoIDE_24.12.148/ide/plugins/com.nxp.mcuxpresso.tools.win32_24.12.0.202407110909/tools/bin/../lib/gcc/arm-none-eabi/13.2.1/../../../../arm-none-eabi/lib/thumb/v7e-m+fp/hard\libcr_c.a(errno.o)
                              ./utilities/fsl_str.o (errno)
C:/nxp/MCUXpressoIDE_24.12.148/ide/plugins/com.nxp.mcuxpresso.tools.win32_24.12.0.202407110909/tools/bin/../lib/gcc/arm-none-eabi/13.2.1/../../../../arm-none-eabi/lib/thumb/v7e-m+fp/hard\libcr_c.a(fputs.o)
                              C:/nxp/MCUXpressoIDE_24.12.148/ide/plugins/com.nxp.mcuxpresso.tools.win32_24.12.0.202407110909/tools/bin/../lib/gcc/arm-none-eabi/13.2.1/../../../../arm-none-eabi/lib/thumb/v7e-m+fp/hard\libcr_nohost_nf.a(_cr_assert.o) (fputs)
C:/nxp/MCUXpressoIDE_24.12.148/ide/plugins/com.nxp.mcuxpresso.tools.win32_24.12.0.202407110909/tools/bin/../lib/gcc/arm-none-eabi/13.2.1/../../../../arm-none-eabi/lib/thumb/v7e-m+fp/hard\libcr_c.a(fseek.o)
[...]
Memory Configuration

Name             Origin             Length             Attributes
PROGRAM_FLASH    0x00000000         0x00100000         xr
SRAM_UPPER       0x20000000         0x00030000         xrw
SRAM_LOWER       0x1fff0000         0x00010000         xrw
FLEX_RAM         0x14000000         0x00001000         xrw
*default*        0x00000000         0xffffffff

Linker script and memory map

LOAD ./utilities/fsl_debug_console.o
LOAD ./utilities/fsl_str.o
LOAD ./startup/startup_mk64f12.o
LOAD ./source/main.o
LOAD ./source/semihost_hardfault.o
LOAD ./drivers/fsl_clock.o
LOAD ./drivers/fsl_common.o
LOAD ./drivers/fsl_common_arm.o
LOAD ./drivers/fsl_gpio.o
LOAD ./drivers/fsl_rtc.o
LOAD ./drivers/fsl_smc.o
LOAD ./drivers/fsl_uart.o
LOAD ./device/system_MK64F12.o
LOAD ./component/uart/fsl_adapter_uart.o
LOAD ./component/serial_manager/fsl_component_serial_manager.o
LOAD ./component/serial_manager/fsl_component_serial_port_uart.o
LOAD ./component/lists/fsl_component_generic_list.o
LOAD ./board/board.o
LOAD ./board/clock_config.o
LOAD ./board/peripherals.o
LOAD ./board/pin_mux.o
START GROUP
LOAD C:/nxp/MCUXpressoIDE_24.12.148/ide/plugins/com.nxp.mcuxpresso.tools.win32_24.12.0.202407110909/tools/bin/../lib/gcc/arm-none-eabi/13.2.1/../../../../arm-none-eabi/lib/thumb/v7e-m+fp/hard\libcr_nohost_nf.a
LOAD C:/nxp/MCUXpressoIDE_24.12.148/ide/plugins/com.nxp.mcuxpresso.tools.win32_24.12.0.202407110909/tools/bin/../lib/gcc/arm-none-eabi/13.2.1/../../../../arm-none-eabi/lib/thumb/v7e-m+fp/hard\libcr_c.a
LOAD C:/nxp/MCUXpressoIDE_24.12.148/ide/plugins/com.nxp.mcuxpresso.tools.win32_24.12.0.202407110909/tools/bin/../lib/gcc/arm-none-eabi/13.2.1/thumb/v7e-m+fp/hard\libcr_eabihelpers.a
LOAD C:/nxp/MCUXpressoIDE_24.12.148/ide/plugins/com.nxp.mcuxpresso.tools.win32_24.12.0.202407110909/tools/bin/../lib/gcc/arm-none-eabi/13.2.1/thumb/v7e-m+fp/hard\libgcc.a
END GROUP
                0x00000000                        __base_PROGRAM_FLASH = 0x0
                0x00000000                        __base_Flash = 0x0
                0x00100000                        __top_PROGRAM_FLASH = 0x100000
                0x00100000                        __top_Flash = 0x100000
                0x20000000                        __base_SRAM_UPPER = 0x20000000
                0x20000000                        __base_RAM = 0x20000000
                0x20030000                        __top_SRAM_UPPER = 0x20030000
                0x20030000                        __top_RAM = 0x20030000
                0x1fff0000                        __base_SRAM_LOWER = 0x1fff0000
                0x1fff0000                        __base_RAM2 = 0x1fff0000
                0x20000000                        __top_SRAM_LOWER = 0x20000000
                0x20000000                        __top_RAM2 = 0x20000000
                0x14000000                        __base_FLEX_RAM = 0x14000000
                0x14000000                        __base_RAM3 = 0x14000000
                0x14001000                        __top_FLEX_RAM = 0x14001000
                0x14001000                        __top_RAM3 = 0x14001000

.text           0x00000000     0x5e58
 FILL mask 0xff
                0x00000000                        __vectors_start__ = ABSOLUTE (.)
 *(SORT_BY_ALIGNMENT(.isr_vector))
 .isr_vector    0x00000000      0x198 ./startup/startup_mk64f12.o
                0x00000000                g_pfnVectors
                0x00000000                __Vectors
                0x00000198                        . = ALIGN (0x4)
                0x00000198                        __section_table_start = .
                0x00000198                        __data_section_table = .
                0x00000198        0x4 LONG 0x5e58 LOADADDR (.data)
                0x0000019c        0x4 LONG 0x20000000 ADDR (.data)
                0x000001a0        0x4 LONG 0x18 SIZEOF (.data)
                0x000001a4        0x4 LONG 0x5e58 LOADADDR (.data_RAM2)
                0x000001a8        0x4 LONG 0x1fff0000 ADDR (.data_RAM2)
                0x000001ac        0x4 LONG 0x0 SIZEOF (.data_RAM2)
                0x000001b0        0x4 LONG 0x5e58 LOADADDR (.data_RAM3)
                0x000001b4        0x4 LONG 0x14000000 ADDR (.data_RAM3)
                0x000001b8        0x4 LONG 0x0 SIZEOF (.data_RAM3)
                0x000001bc                        __data_section_table_end = .
                0x000001bc                        __bss_section_table = .
                0x000001bc        0x4 LONG 0x20000018 ADDR (.bss)
                0x000001c0        0x4 LONG 0x130 SIZEOF (.bss)
                0x000001c4        0x4 LONG 0x1fff0000 ADDR (.bss_RAM2)
                0x000001c8        0x4 LONG 0x0 SIZEOF (.bss_RAM2)
                0x000001cc        0x4 LONG 0x14000000 ADDR (.bss_RAM3)
                0x000001d0        0x4 LONG 0x0 SIZEOF (.bss_RAM3)
                0x000001d4                        __bss_section_table_end = .
                0x000001d4                        __section_table_end = .
 *(SORT_BY_ALIGNMENT(.after_vectors*))
 .after_vectors.reset
                0x000001d4       0x4c ./startup/startup_mk64f12.o
                0x000001d4                ResetISR
 .after_vectors.init_data
                0x00000220       0x1e ./startup/startup_mk64f12.o
                0x00000220                data_init
 .after_vectors.init_bss
                0x0000023e       0x12 ./startup/startup_mk64f12.o
                0x0000023e                bss_init
 .after_vectors
                0x00000250       0x14 ./startup/startup_mk64f12.o
                0x00000250                NMI_Handler
                0x00000254                MemManage_Handler
                0x00000256                BusFault_Handler
                0x00000258                UsageFault_Handler
                0x0000025a                SVC_Handler
                0x0000025c                DebugMon_Handler
                0x0000025e                PendSV_Handler
                0x00000260                SysTick_Handler
                0x00000262                DMA_Error_DriverIRQHandler
                0x00000262                LPTMR0_DriverIRQHandler
                0x00000262                FTM1_DriverIRQHandler
                0x00000262                FTM2_DriverIRQHandler
                0x00000262                PIT2_DriverIRQHandler
                0x00000262                SDHC_DriverIRQHandler
                0x00000262                I2S0_Tx_DriverIRQHandler
                0x00000262                RTC_Seconds_DriverIRQHandler
                0x00000262                DMA6_DriverIRQHandler
                0x00000262                LLWU_DriverIRQHandler
                0x00000262                MCM_DriverIRQHandler
                0x00000262                MCG_DriverIRQHandler
                0x00000262                ENET_1588_Timer_DriverIRQHandler
                0x00000262                I2C2_DriverIRQHandler
                0x00000262                DAC1_DriverIRQHandler
                0x00000262                SPI1_DriverIRQHandler
                0x00000262                CMP1_DriverIRQHandler
                0x00000262                FTM0_DriverIRQHandler
                0x00000262                IntDefaultHandler
                0x00000262                USB0_DriverIRQHandler
                0x00000262                UART5_ERR_DriverIRQHandler
                0x00000262                PORTC_DriverIRQHandler
                0x00000262                DMA11_DriverIRQHandler
                0x00000262                DAC0_DriverIRQHandler
                0x00000262                DMA10_DriverIRQHandler
                0x00000262                CMP2_DriverIRQHandler
                0x00000262                UART2_ERR_DriverIRQHandler
                0x00000262                SPI2_DriverIRQHandler
                0x00000262                LVD_LVW_DriverIRQHandler
                0x00000262                PIT0_DriverIRQHandler
                0x00000262                DMA12_DriverIRQHandler
                0x00000262                DMA5_DriverIRQHandler
                0x00000262                DMA4_DriverIRQHandler
                0x00000262                USBDCD_DriverIRQHandler
                0x00000262                UART3_ERR_DriverIRQHandler
                0x00000262                DMA3_DriverIRQHandler
                0x00000262                DMA8_DriverIRQHandler
                0x00000262                DMA9_DriverIRQHandler
                0x00000262                UART0_ERR_DriverIRQHandler
                0x00000262                CMT_DriverIRQHandler
                0x00000262                Reserved71_DriverIRQHandler
                0x00000262                ADC1_DriverIRQHandler
                0x00000262                PORTA_DriverIRQHandler
                0x00000262                DMA14_DriverIRQHandler
                0x00000262                PIT3_DriverIRQHandler
                0x00000262                PIT1_DriverIRQHandler
                0x00000262                WDOG_EWM_DriverIRQHandler
                0x00000262                PDB0_DriverIRQHandler
                0x00000262                RTC_DriverIRQHandler
                0x00000262                I2S0_Rx_DriverIRQHandler
                0x00000262                Read_Collision_DriverIRQHandler
                0x00000262                SWI_DriverIRQHandler
                0x00000262                UART4_ERR_DriverIRQHandler
                0x00000262                PORTB_DriverIRQHandler
                0x00000262                UART0_LON_DriverIRQHandler
                0x00000262                DMA0_DriverIRQHandler
                0x00000262                DMA1_DriverIRQHandler
                0x00000262                I2C1_DriverIRQHandler
                0x00000262                ENET_Receive_DriverIRQHandler
                0x00000262                DMA13_DriverIRQHandler
                0x00000262                ENET_Error_DriverIRQHandler
                0x00000262                DMA15_DriverIRQHandler
                0x00000262                SPI0_DriverIRQHandler
                0x00000262                ADC0_DriverIRQHandler
                0x00000262                CMP0_DriverIRQHandler
                0x00000262                CAN0_DriverIRQHandler
                0x00000262                FTM3_DriverIRQHandler
                0x00000262                RNG_DriverIRQHandler
                0x00000262                UART1_ERR_DriverIRQHandler
                0x00000262                DMA2_DriverIRQHandler
                0x00000262                ENET_Transmit_DriverIRQHandler
                0x00000262                PORTD_DriverIRQHandler
                0x00000262                PORTE_DriverIRQHandler
                0x00000262                FTFE_DriverIRQHandler
                0x00000262                I2C0_DriverIRQHandler
                0x00000262                DMA7_DriverIRQHandler
                0x00000400                        . = 0x400
 *fill*         0x00000264      0x19c ff
                0x00000400                        PROVIDE (__FLASH_CONFIG_START__ = .)
 *(SORT_BY_ALIGNMENT(.FlashConfig))
 .FlashConfig   0x00000400       0x10 ./startup/startup_mk64f12.o
                0x00000400                Flash_Config
                0x00000410                        PROVIDE (__FLASH_CONFIG_END__ = .)
                0x00000001                        ASSERT (! ((__FLASH_CONFIG_START__ == __FLASH_CONFIG_END__)), Linker Flash Config Support Enabled, but no .FlashConfig section provided within application)
 *(SORT_BY_ALIGNMENT(.text*))
 .text.vfscanf  0x00000410      0x940 C:/nxp/MCUXpressoIDE_24.12.148/ide/plugins/com.nxp.mcuxpresso.tools.win32_24.12.0.202407110909/tools/bin/../lib/gcc/arm-none-eabi/13.2.1/../../../../arm-none-eabi/lib/thumb/v7e-m+fp/hard\libcr_c.a(scanf.o)
                0x00000410                vfscanf
 .text._frexpl  0x00000d50       0x70 C:/nxp/MCUXpressoIDE_24.12.148/ide/plugins/com.nxp.mcuxpresso.tools.win32_24.12.0.202407110909/tools/bin/../lib/gcc/arm-none-eabi/13.2.1/../../../../arm-none-eabi/lib/thumb/v7e-m+fp/hard\libcr_c.a(_frexpl.o)
                0x00000d50                _frexpl
 .text._ldexpl  0x00000dc0       0x5c C:/nxp/MCUXpressoIDE_24.12.148/ide/plugins/com.nxp.mcuxpresso.tools.win32_24.12.0.202407110909/tools/bin/../lib/gcc/arm-none-eabi/13.2.1/../../../../arm-none-eabi/lib/thumb/v7e-m+fp/hard\libcr_c.a(_ldexpl.o)
                0x00000dc0                _ldexpl
 .text.DbgConsole_ReadOneCharacter
                0x00000e1c       0x44 ./utilities/fsl_debug_console.o
                0x00000e1c                DbgConsole_ReadOneCharacter
 .text.DbgConsole_SendDataReliable
                0x00000e60       0x54 ./utilities/fsl_debug_console.o
                0x00000e60                DbgConsole_SendDataReliable
 .text.DbgConsole_ReadCharacter
                0x00000eb4       0x44 ./utilities/fsl_debug_console.o
                0x00000eb4                DbgConsole_ReadCharacter
 .text.DbgConsole_Init
                0x00000ef8      0x118 ./utilities/fsl_debug_console.o
                0x00000ef8                DbgConsole_Init
 .text.receive_datetime_from_uart
                0x00001010       0x54 ./source/main.o
                0x00001010                receive_datetime_from_uart
 .text.set_rtc  0x00001064       0x80 ./source/main.o
                0x00001064                set_rtc
 .text.main     0x000010e4       0xa8 ./source/main.o
                0x000010e4                main
 .text.CLOCK_SetEr32kClock
                0x0000118c       0x30 ./drivers/fsl_clock.o
 .text.CLOCK_SetPllFllSelClock
                0x000011bc       0x38 ./drivers/fsl_clock.o
 .text.CLOCK_GetMcgExtClkFreq
                0x000011f4       0x7c ./drivers/fsl_clock.o
 .text.CLOCK_GetFllExtRefClkFreq
                0x00001270       0xb0 ./drivers/fsl_clock.o
 .text.CLOCK_GetInternalRefClkSelectFreq
                0x00001320       0x4c ./drivers/fsl_clock.o
 .text.CLOCK_GetFllRefClkFreq
                0x0000136c       0x34 ./drivers/fsl_clock.o
 .text.CLOCK_GetOscRangeFromFreq
                0x000013a0       0x3c ./drivers/fsl_clock.o
 .text.CLOCK_GetOsc0ErClkFreq
                0x000013dc       0x44 ./drivers/fsl_clock.o
                0x000013dc                CLOCK_GetOsc0ErClkFreq
 .text.CLOCK_GetEr32kClkFreq
                0x00001420       0x74 ./drivers/fsl_clock.o
                0x00001420                CLOCK_GetEr32kClkFreq
 .text.CLOCK_GetPllFllSelClkFreq
                0x00001494       0x54 ./drivers/fsl_clock.o
                0x00001494                CLOCK_GetPllFllSelClkFreq
 .text.CLOCK_GetCoreSysClkFreq
                0x000014e8       0x28 ./drivers/fsl_clock.o
                0x000014e8                CLOCK_GetCoreSysClkFreq
 .text.CLOCK_GetFreq
                0x00001510      0x140 ./drivers/fsl_clock.o
                0x00001510                CLOCK_GetFreq
 .text.CLOCK_SetSimConfig
                0x00001650       0x34 ./drivers/fsl_clock.o
                0x00001650                CLOCK_SetSimConfig
 .text.CLOCK_EnableUsbfs0Clock
                0x00001684      0x108 ./drivers/fsl_clock.o
                0x00001684                CLOCK_EnableUsbfs0Clock
 .text.CLOCK_GetOutClkFreq
                0x0000178c       0x64 ./drivers/fsl_clock.o
                0x0000178c                CLOCK_GetOutClkFreq
 .text.CLOCK_GetFllFreq
                0x000017f0       0x84 ./drivers/fsl_clock.o
                0x000017f0                CLOCK_GetFllFreq
 .text.CLOCK_GetInternalRefClkFreq
                0x00001874       0x30 ./drivers/fsl_clock.o
                0x00001874                CLOCK_GetInternalRefClkFreq
 .text.CLOCK_GetPll0Freq
                0x000018a4       0x78 ./drivers/fsl_clock.o
                0x000018a4                CLOCK_GetPll0Freq
 .text.CLOCK_SetExternalRefClkConfig
                0x0000191c       0x6c ./drivers/fsl_clock.o
                0x0000191c                CLOCK_SetExternalRefClkConfig
 .text.CLOCK_SetInternalRefClkConfig
                0x00001988      0x104 ./drivers/fsl_clock.o
                0x00001988                CLOCK_SetInternalRefClkConfig
 .text.CLOCK_EnablePll0
                0x00001a8c       0x88 ./drivers/fsl_clock.o
                0x00001a8c                CLOCK_EnablePll0
 .text.CLOCK_InitOsc0
                0x00001b14       0x8c ./drivers/fsl_clock.o
                0x00001b14                CLOCK_InitOsc0
 .text.CLOCK_SetPbeMode
                0x00001ba0       0xa8 ./drivers/fsl_clock.o
                0x00001ba0                CLOCK_SetPbeMode
 .text.CLOCK_BootToPeeMode
                0x00001c48       0x60 ./drivers/fsl_clock.o
                0x00001c48                CLOCK_BootToPeeMode
 .text.GPIO_PinInit
                0x00001ca8       0x64 ./drivers/fsl_gpio.o
                0x00001ca8                GPIO_PinInit
 .text.RTC_CheckDatetimeFormat
                0x00001d0c       0xe0 ./drivers/fsl_rtc.o
 .text.RTC_ConvertDatetimeToSeconds
                0x00001dec       0xd8 ./drivers/fsl_rtc.o
 .text.RTC_ConvertSecondsToDatetime
                0x00001ec4      0x158 ./drivers/fsl_rtc.o
 .text.RTC_Init
                0x0000201c       0xa0 ./drivers/fsl_rtc.o
                0x0000201c                RTC_Init
 .text.RTC_SetDatetime
                0x000020bc       0x48 ./drivers/fsl_rtc.o
                0x000020bc                RTC_SetDatetime
 .text.RTC_GetDatetime
                0x00002104       0x34 ./drivers/fsl_rtc.o
                0x00002104                RTC_GetDatetime
 .text.UART_GetInstance
                0x00002138       0x54 ./drivers/fsl_uart.o
                0x00002138                UART_GetInstance
 .text.UART_Init
                0x0000218c      0x2f4 ./drivers/fsl_uart.o
                0x0000218c                UART_Init
 .text.UART_GetDefaultConfig
                0x00002480       0x68 ./drivers/fsl_uart.o
                0x00002480                UART_GetDefaultConfig
 .text.UART_ReadBlocking
                0x000024e8       0xfc ./drivers/fsl_uart.o
                0x000024e8                UART_ReadBlocking
 .text.UART0_DriverIRQHandler
                0x000025e4       0x28 ./drivers/fsl_uart.o
                0x000025e4                UART0_DriverIRQHandler
 .text.UART1_DriverIRQHandler
                0x0000260c       0x28 ./drivers/fsl_uart.o
                0x0000260c                UART1_DriverIRQHandler
 .text.UART2_DriverIRQHandler
                0x00002634       0x28 ./drivers/fsl_uart.o
                0x00002634                UART2_DriverIRQHandler
 .text.UART3_DriverIRQHandler
                0x0000265c       0x28 ./drivers/fsl_uart.o
                0x0000265c                UART3_DriverIRQHandler
 .text.UART4_DriverIRQHandler
                0x00002684       0x28 ./drivers/fsl_uart.o
                0x00002684                UART4_DriverIRQHandler
 .text.UART5_DriverIRQHandler
                0x000026ac       0x28 ./drivers/fsl_uart.o
                0x000026ac                UART5_DriverIRQHandler
 .text.SystemInit
                0x000026d4       0x3c ./device/system_MK64F12.o
                0x000026d4                SystemInit
 .text.HAL_UartInit
                0x00002710      0x128 ./component/uart/fsl_adapter_uart.o
                0x00002710                HAL_UartInit
 .text.HAL_UartReceiveBlocking
                0x00002838       0x6c ./component/uart/fsl_adapter_uart.o
                0x00002838                HAL_UartReceiveBlocking
 .text.HAL_UartSendBlocking
                0x000028a4       0x64 ./component/uart/fsl_adapter_uart.o
                0x000028a4                HAL_UartSendBlocking
 .text.CLOCK_SetSdhc0Clock
                0x00002908       0x38 ./board/clock_config.o
 .text.CLOCK_SetEnetTime0Clock
                0x00002940       0x38 ./board/clock_config.o
 .text.CLOCK_SetRmii0Clock
                0x00002978       0x38 ./board/clock_config.o
 .text.CLOCK_SetTraceClock
                0x000029b0       0x38 ./board/clock_config.o
 .text.CLOCK_SetClkOutClock
                0x000029e8       0x34 ./board/clock_config.o
 .text.CLOCK_SetSimSafeDivs
                0x00002a1c       0x20 ./board/clock_config.o
 .text.CLOCK_SetXtal0Freq
                0x00002a3c       0x20 ./board/clock_config.o
 .text.CLOCK_CONFIG_SetFllExtRefDiv
                0x00002a5c       0x3c ./board/clock_config.o
 .text.BOARD_BootClockRUN
                0x00002a98       0x88 ./board/clock_config.o
                0x00002a98                BOARD_BootClockRUN
 .text.PORT_SetPinConfig
                0x00002b20       0x38 ./board/pin_mux.o
 .text.BOARD_InitPins
                0x00002b58       0xa8 ./board/pin_mux.o
                0x00002b58                BOARD_InitPins
 .text.BOARD_InitDEBUG_UARTPins
                0x00002c00       0x68 ./board/pin_mux.o
                0x00002c00                BOARD_InitDEBUG_UARTPins
 .text.__assertion_failed
                0x00002c68       0x4c C:/nxp/MCUXpressoIDE_24.12.148/ide/plugins/com.nxp.mcuxpresso.tools.win32_24.12.0.202407110909/tools/bin/../lib/gcc/arm-none-eabi/13.2.1/../../../../arm-none-eabi/lib/thumb/v7e-m+fp/hard\libcr_nohost_nf.a(_cr_assert.o)
                0x00002c68                __assertion_failed
 .text._Cwritebuf
                0x00002cb4       0x6c C:/nxp/MCUXpressoIDE_24.12.148/ide/plugins/com.nxp.mcuxpresso.tools.win32_24.12.0.202407110909/tools/bin/../lib/gcc/arm-none-eabi/13.2.1/../../../../arm-none-eabi/lib/thumb/v7e-m+fp/hard\libcr_c.a(_writebuf.o)
                0x00002cb4                _Cwritebuf
 .text.malloc   0x00002d20       0xc8 C:/nxp/MCUXpressoIDE_24.12.148/ide/plugins/com.nxp.mcuxpresso.tools.win32_24.12.0.202407110909/tools/bin/../lib/gcc/arm-none-eabi/13.2.1/../../../../arm-none-eabi/lib/thumb/v7e-m+fp/hard\libcr_c.a(alloc.o)
                0x00002d20                malloc
 .text._Csys_alloc
                0x00002de8       0x20 C:/nxp/MCUXpressoIDE_24.12.148/ide/plugins/com.nxp.mcuxpresso.tools.win32_24.12.0.202407110909/tools/bin/../lib/gcc/arm-none-eabi/13.2.1/../../../../arm-none-eabi/lib/thumb/v7e-m+fp/hard\libcr_c.a(alloc.o)
                0x00002de8                _Csys_alloc
 .text.fseek    0x00002e08       0xf8 C:/nxp/MCUXpressoIDE_24.12.148/ide/plugins/com.nxp.mcuxpresso.tools.win32_24.12.0.202407110909/tools/bin/../lib/gcc/arm-none-eabi/13.2.1/../../../../arm-none-eabi/lib/thumb/v7e-m+fp/hard\libcr_c.a(fseek.o)
                0x00002e08                fseek
 .text.ftell    0x00002f00       0x44 C:/nxp/MCUXpressoIDE_24.12.148/ide/plugins/com.nxp.mcuxpresso.tools.win32_24.12.0.202407110909/tools/bin/../lib/gcc/arm-none-eabi/13.2.1/../../../../arm-none-eabi/lib/thumb/v7e-m+fp/hard\libcr_c.a(ftell.o)
                0x00002f00                ftell
 .text._initio  0x00002f44       0x78 C:/nxp/MCUXpressoIDE_24.12.148/ide/plugins/com.nxp.mcuxpresso.tools.win32_24.12.0.202407110909/tools/bin/../lib/gcc/arm-none-eabi/13.2.1/../../../../arm-none-eabi/lib/thumb/v7e-m+fp/hard\libcr_c.a(initio.o)
                0x00002f44                _initio
 .text.__vfprintf
                0x00002fbc      0xb80 C:/nxp/MCUXpressoIDE_24.12.148/ide/plugins/com.nxp.mcuxpresso.tools.win32_24.12.0.202407110909/tools/bin/../lib/gcc/arm-none-eabi/13.2.1/../../../../arm-none-eabi/lib/thumb/v7e-m+fp/hard\libcr_c.a(printf.o)
                0x00002fbc                __vfprintf
 .text._vsnprintf
                0x00003b3c       0x68 C:/nxp/MCUXpressoIDE_24.12.148/ide/plugins/com.nxp.mcuxpresso.tools.win32_24.12.0.202407110909/tools/bin/../lib/gcc/arm-none-eabi/13.2.1/../../../../arm-none-eabi/lib/thumb/v7e-m+fp/hard\libcr_c.a(printf.o)
                0x00003b3c                _vsnprintf
 .text._printf  0x00003ba4       0x54 C:/nxp/MCUXpressoIDE_24.12.148/ide/plugins/com.nxp.mcuxpresso.tools.win32_24.12.0.202407110909/tools/bin/../lib/gcc/arm-none-eabi/13.2.1/../../../../arm-none-eabi/lib/thumb/v7e-m+fp/hard\libcr_c.a(printf.o)
                0x00003ba4                _printf
 .text.ch_val   0x00003bf8       0x30 C:/nxp/MCUXpressoIDE_24.12.148/ide/plugins/com.nxp.mcuxpresso.tools.win32_24.12.0.202407110909/tools/bin/../lib/gcc/arm-none-eabi/13.2.1/../../../../arm-none-eabi/lib/thumb/v7e-m+fp/hard\libcr_c.a(scanf.o)
 .text.cr_rd_int
                0x00003c28      0x1a0 C:/nxp/MCUXpressoIDE_24.12.148/ide/plugins/com.nxp.mcuxpresso.tools.win32_24.12.0.202407110909/tools/bin/../lib/gcc/arm-none-eabi/13.2.1/../../../../arm-none-eabi/lib/thumb/v7e-m+fp/hard\libcr_c.a(scanf.o)
 .text.__filbuf
                0x00003dc8      0x178 C:/nxp/MCUXpressoIDE_24.12.148/ide/plugins/com.nxp.mcuxpresso.tools.win32_24.12.0.202407110909/tools/bin/../lib/gcc/arm-none-eabi/13.2.1/../../../../arm-none-eabi/lib/thumb/v7e-m+fp/hard\libcr_c.a(__fillbuf.o)
                0x00003dc8                __filbuf
 .text._sbrk    0x00003f40       0x3c C:/nxp/MCUXpressoIDE_24.12.148/ide/plugins/com.nxp.mcuxpresso.tools.win32_24.12.0.202407110909/tools/bin/../lib/gcc/arm-none-eabi/13.2.1/../../../../arm-none-eabi/lib/thumb/v7e-m+fp/hard\libcr_c.a(_cr_sbrk.o)
                0x00003f40                _sbrk
 .text.fflush   0x00003f7c       0x3c C:/nxp/MCUXpressoIDE_24.12.148/ide/plugins/com.nxp.mcuxpresso.tools.win32_24.12.0.202407110909/tools/bin/../lib/gcc/arm-none-eabi/13.2.1/../../../../arm-none-eabi/lib/thumb/v7e-m+fp/hard\libcr_c.a(fflush.o)
                0x00003f7c                fflush
 .text.__check_heap_overflow
                0x00003fb8       0x18 C:/nxp/MCUXpressoIDE_24.12.148/ide/plugins/com.nxp.mcuxpresso.tools.win32_24.12.0.202407110909/tools/bin/../lib/gcc/arm-none-eabi/13.2.1/../../../../arm-none-eabi/lib/thumb/v7e-m+fp/hard\libcr_c.a(_cr_check_heap.o)
                0x00003fb8                __check_heap_overflow
 .text.__aeabi_dmul
                0x00003fd0       0xfc C:/nxp/MCUXpressoIDE_24.12.148/ide/plugins/com.nxp.mcuxpresso.tools.win32_24.12.0.202407110909/tools/bin/../lib/gcc/arm-none-eabi/13.2.1/thumb/v7e-m+fp/hard\libcr_eabihelpers.a(double.o)
                0x00003fd0                __aeabi_dmul
 .text.__aeabi_ddiv
                0x000040cc      0x130 C:/nxp/MCUXpressoIDE_24.12.148/ide/plugins/com.nxp.mcuxpresso.tools.win32_24.12.0.202407110909/tools/bin/../lib/gcc/arm-none-eabi/13.2.1/thumb/v7e-m+fp/hard\libcr_eabihelpers.a(double.o)
                0x000040cc                __aeabi_ddiv
 .text.__aeabi_dsub
                0x000041fc      0x1b4 C:/nxp/MCUXpressoIDE_24.12.148/ide/plugins/com.nxp.mcuxpresso.tools.win32_24.12.0.202407110909/tools/bin/../lib/gcc/arm-none-eabi/13.2.1/thumb/v7e-m+fp/hard\libcr_eabihelpers.a(double.o)
                0x000041fc                __aeabi_dsub
 .text.__aeabi_dadd
                0x000043b0      0x118 C:/nxp/MCUXpressoIDE_24.12.148/ide/plugins/com.nxp.mcuxpresso.tools.win32_24.12.0.202407110909/tools/bin/../lib/gcc/arm-none-eabi/13.2.1/thumb/v7e-m+fp/hard\libcr_eabihelpers.a(double.o)
                0x000043b0                __aeabi_dadd
 .text.__aeabi_d2f
                0x000044c8       0x58 C:/nxp/MCUXpressoIDE_24.12.148/ide/plugins/com.nxp.mcuxpresso.tools.win32_24.12.0.202407110909/tools/bin/../lib/gcc/arm-none-eabi/13.2.1/thumb/v7e-m+fp/hard\libcr_eabihelpers.a(double.o)
                0x000044c8                __aeabi_d2f
 .text.__sys_write
                0x00004520       0x3e ./utilities/fsl_debug_console.o
                0x00004520                __sys_write
 .text.__sys_readc
                0x0000455e       0x18 ./utilities/fsl_debug_console.o
                0x0000455e                __sys_readc
 .text.DMA0_IRQHandler
                0x00004576        0x8 ./startup/startup_mk64f12.o
                0x00004576                DMA0_IRQHandler
 .text.DMA1_IRQHandler
                0x0000457e        0x8 ./startup/startup_mk64f12.o
                0x0000457e                DMA1_IRQHandler
 .text.DMA2_IRQHandler
                0x00004586        0x8 ./startup/startup_mk64f12.o
                0x00004586                DMA2_IRQHandler
 .text.DMA3_IRQHandler
                0x0000458e        0x8 ./startup/startup_mk64f12.o
                0x0000458e                DMA3_IRQHandler
 .text.DMA4_IRQHandler
                0x00004596        0x8 ./startup/startup_mk64f12.o
                0x00004596                DMA4_IRQHandler
 .text.DMA5_IRQHandler
                0x0000459e        0x8 ./startup/startup_mk64f12.o
                0x0000459e                DMA5_IRQHandler
 .text.DMA6_IRQHandler
                0x000045a6        0x8 ./startup/startup_mk64f12.o
                0x000045a6                DMA6_IRQHandler
 .text.DMA7_IRQHandler
                0x000045ae        0x8 ./startup/startup_mk64f12.o
                0x000045ae                DMA7_IRQHandler
 .text.DMA8_IRQHandler
                0x000045b6        0x8 ./startup/startup_mk64f12.o
                0x000045b6                DMA8_IRQHandler
 .text.DMA9_IRQHandler
                0x000045be        0x8 ./startup/startup_mk64f12.o
                0x000045be                DMA9_IRQHandler
 .text.DMA10_IRQHandler
                0x000045c6        0x8 ./startup/startup_mk64f12.o
                0x000045c6                DMA10_IRQHandler
 .text.DMA11_IRQHandler
                0x000045ce        0x8 ./startup/startup_mk64f12.o
                0x000045ce                DMA11_IRQHandler
 .text.DMA12_IRQHandler
                0x000045d6        0x8 ./startup/startup_mk64f12.o
                0x000045d6                DMA12_IRQHandler
 .text.DMA13_IRQHandler
                0x000045de        0x8 ./startup/startup_mk64f12.o
                0x000045de                DMA13_IRQHandler
 .text.DMA14_IRQHandler
                0x000045e6        0x8 ./startup/startup_mk64f12.o
                0x000045e6                DMA14_IRQHandler
 .text.DMA15_IRQHandler
                0x000045ee        0x8 ./startup/startup_mk64f12.o
                0x000045ee                DMA15_IRQHandler
 .text.DMA_Error_IRQHandler
                0x000045f6        0x8 ./startup/startup_mk64f12.o
                0x000045f6                DMA_Error_IRQHandler
 .text.MCM_IRQHandler
                0x000045fe        0x8 ./startup/startup_mk64f12.o
                0x000045fe                MCM_IRQHandler
 .text.FTFE_IRQHandler
                0x00004606        0x8 ./startup/startup_mk64f12.o
                0x00004606                FTFE_IRQHandler
 .text.Read_Collision_IRQHandler
                0x0000460e        0x8 ./startup/startup_mk64f12.o
                0x0000460e                Read_Collision_IRQHandler
 .text.LVD_LVW_IRQHandler
                0x00004616        0x8 ./startup/startup_mk64f12.o
                0x00004616                LVD_LVW_IRQHandler
 .text.LLWU_IRQHandler
                0x0000461e        0x8 ./startup/startup_mk64f12.o
                0x0000461e                LLWU_IRQHandler
 .text.WDOG_EWM_IRQHandler
                0x00004626        0x8 ./startup/startup_mk64f12.o
                0x00004626                WDOG_EWM_IRQHandler
 .text.RNG_IRQHandler
                0x0000462e        0x8 ./startup/startup_mk64f12.o
                0x0000462e                RNG_IRQHandler
 .text.I2C0_IRQHandler
                0x00004636        0x8 ./startup/startup_mk64f12.o
                0x00004636                I2C0_IRQHandler
 .text.I2C1_IRQHandler
                0x0000463e        0x8 ./startup/startup_mk64f12.o
                0x0000463e                I2C1_IRQHandler
 .text.SPI0_IRQHandler
                0x00004646        0x8 ./startup/startup_mk64f12.o
                0x00004646                SPI0_IRQHandler
 .text.SPI1_IRQHandler
                0x0000464e        0x8 ./startup/startup_mk64f12.o
                0x0000464e                SPI1_IRQHandler
 .text.I2S0_Tx_IRQHandler
                0x00004656        0x8 ./startup/startup_mk64f12.o
                0x00004656                I2S0_Tx_IRQHandler
 .text.I2S0_Rx_IRQHandler
                0x0000465e        0x8 ./startup/startup_mk64f12.o
                0x0000465e                I2S0_Rx_IRQHandler
 .text.UART0_LON_IRQHandler
                0x00004666        0x8 ./startup/startup_mk64f12.o
                0x00004666                UART0_LON_IRQHandler
 .text.UART0_RX_TX_IRQHandler
                0x0000466e        0x8 ./startup/startup_mk64f12.o
                0x0000466e                UART0_RX_TX_IRQHandler
 .text.UART0_ERR_IRQHandler
                0x00004676        0x8 ./startup/startup_mk64f12.o
                0x00004676                UART0_ERR_IRQHandler
 .text.UART1_RX_TX_IRQHandler
                0x0000467e        0x8 ./startup/startup_mk64f12.o
                0x0000467e                UART1_RX_TX_IRQHandler
 .text.UART1_ERR_IRQHandler
                0x00004686        0x8 ./startup/startup_mk64f12.o
                0x00004686                UART1_ERR_IRQHandler
 .text.UART2_RX_TX_IRQHandler
                0x0000468e        0x8 ./startup/startup_mk64f12.o
                0x0000468e                UART2_RX_TX_IRQHandler
 .text.UART2_ERR_IRQHandler
                0x00004696        0x8 ./startup/startup_mk64f12.o
                0x00004696                UART2_ERR_IRQHandler
 .text.UART3_RX_TX_IRQHandler
                0x0000469e        0x8 ./startup/startup_mk64f12.o
                0x0000469e                UART3_RX_TX_IRQHandler
 .text.UART3_ERR_IRQHandler
                0x000046a6        0x8 ./startup/startup_mk64f12.o
                0x000046a6                UART3_ERR_IRQHandler
 .text.ADC0_IRQHandler
                0x000046ae        0x8 ./startup/startup_mk64f12.o
                0x000046ae                ADC0_IRQHandler
 .text.CMP0_IRQHandler
                0x000046b6        0x8 ./startup/startup_mk64f12.o
                0x000046b6                CMP0_IRQHandler
 .text.CMP1_IRQHandler
                0x000046be        0x8 ./startup/startup_mk64f12.o
                0x000046be                CMP1_IRQHandler
 .text.FTM0_IRQHandler
                0x000046c6        0x8 ./startup/startup_mk64f12.o
                0x000046c6                FTM0_IRQHandler
 .text.FTM1_IRQHandler
                0x000046ce        0x8 ./startup/startup_mk64f12.o
                0x000046ce                FTM1_IRQHandler
 .text.FTM2_IRQHandler
                0x000046d6        0x8 ./startup/startup_mk64f12.o
                0x000046d6                FTM2_IRQHandler
 .text.CMT_IRQHandler
                0x000046de        0x8 ./startup/startup_mk64f12.o
                0x000046de                CMT_IRQHandler
 .text.RTC_IRQHandler
                0x000046e6        0x8 ./startup/startup_mk64f12.o
                0x000046e6                RTC_IRQHandler
 .text.RTC_Seconds_IRQHandler
                0x000046ee        0x8 ./startup/startup_mk64f12.o
                0x000046ee                RTC_Seconds_IRQHandler
 .text.PIT0_IRQHandler
                0x000046f6        0x8 ./startup/startup_mk64f12.o
                0x000046f6                PIT0_IRQHandler
 .text.PIT1_IRQHandler
                0x000046fe        0x8 ./startup/startup_mk64f12.o
                0x000046fe                PIT1_IRQHandler
 .text.PIT2_IRQHandler
                0x00004706        0x8 ./startup/startup_mk64f12.o
                0x00004706                PIT2_IRQHandler
 .text.PIT3_IRQHandler
                0x0000470e        0x8 ./startup/startup_mk64f12.o
                0x0000470e                PIT3_IRQHandler
 .text.PDB0_IRQHandler
                0x00004716        0x8 ./startup/startup_mk64f12.o
                0x00004716                PDB0_IRQHandler
 .text.USB0_IRQHandler
                0x0000471e        0x8 ./startup/startup_mk64f12.o
                0x0000471e                USB0_IRQHandler
 .text.USBDCD_IRQHandler
                0x00004726        0x8 ./startup/startup_mk64f12.o
                0x00004726                USBDCD_IRQHandler
 .text.Reserved71_IRQHandler
                0x0000472e        0x8 ./startup/startup_mk64f12.o
                0x0000472e                Reserved71_IRQHandler
 .text.DAC0_IRQHandler
                0x00004736        0x8 ./startup/startup_mk64f12.o
                0x00004736                DAC0_IRQHandler
 .text.MCG_IRQHandler
                0x0000473e        0x8 ./startup/startup_mk64f12.o
                0x0000473e                MCG_IRQHandler
 .text.LPTMR0_IRQHandler
                0x00004746        0x8 ./startup/startup_mk64f12.o
                0x00004746                LPTMR0_IRQHandler
 .text.PORTA_IRQHandler
                0x0000474e        0x8 ./startup/startup_mk64f12.o
                0x0000474e                PORTA_IRQHandler
 .text.PORTB_IRQHandler
                0x00004756        0x8 ./startup/startup_mk64f12.o
                0x00004756                PORTB_IRQHandler
 .text.PORTC_IRQHandler
                0x0000475e        0x8 ./startup/startup_mk64f12.o
                0x0000475e                PORTC_IRQHandler
 .text.PORTD_IRQHandler
                0x00004766        0x8 ./startup/startup_mk64f12.o
                0x00004766                PORTD_IRQHandler
 .text.PORTE_IRQHandler
                0x0000476e        0x8 ./startup/startup_mk64f12.o
                0x0000476e                PORTE_IRQHandler
 .text.SWI_IRQHandler
                0x00004776        0x8 ./startup/startup_mk64f12.o
                0x00004776                SWI_IRQHandler
 .text.SPI2_IRQHandler
                0x0000477e        0x8 ./startup/startup_mk64f12.o
                0x0000477e                SPI2_IRQHandler
 .text.UART4_RX_TX_IRQHandler
                0x00004786        0x8 ./startup/startup_mk64f12.o
                0x00004786                UART4_RX_TX_IRQHandler
 .text.UART4_ERR_IRQHandler
                0x0000478e        0x8 ./startup/startup_mk64f12.o
                0x0000478e                UART4_ERR_IRQHandler
 .text.UART5_RX_TX_IRQHandler
                0x00004796        0x8 ./startup/startup_mk64f12.o
                0x00004796                UART5_RX_TX_IRQHandler
 .text.UART5_ERR_IRQHandler
                0x0000479e        0x8 ./startup/startup_mk64f12.o
                0x0000479e                UART5_ERR_IRQHandler
 .text.CMP2_IRQHandler
                0x000047a6        0x8 ./startup/startup_mk64f12.o
                0x000047a6                CMP2_IRQHandler
 .text.FTM3_IRQHandler
                0x000047ae        0x8 ./startup/startup_mk64f12.o
                0x000047ae                FTM3_IRQHandler
 .text.DAC1_IRQHandler
                0x000047b6        0x8 ./startup/startup_mk64f12.o
                0x000047b6                DAC1_IRQHandler
 .text.ADC1_IRQHandler
                0x000047be        0x8 ./startup/startup_mk64f12.o
                0x000047be                ADC1_IRQHandler
 .text.I2C2_IRQHandler
                0x000047c6        0x8 ./startup/startup_mk64f12.o
                0x000047c6                I2C2_IRQHandler
 .text.CAN0_ORed_Message_buffer_IRQHandler
                0x000047ce        0x8 ./startup/startup_mk64f12.o
                0x000047ce                CAN0_ORed_Message_buffer_IRQHandler
 .text.CAN0_Bus_Off_IRQHandler
                0x000047d6        0x8 ./startup/startup_mk64f12.o
                0x000047d6                CAN0_Bus_Off_IRQHandler
 .text.CAN0_Error_IRQHandler
                0x000047de        0x8 ./startup/startup_mk64f12.o
                0x000047de                CAN0_Error_IRQHandler
 .text.CAN0_Tx_Warning_IRQHandler
                0x000047e6        0x8 ./startup/startup_mk64f12.o
                0x000047e6                CAN0_Tx_Warning_IRQHandler
 .text.CAN0_Rx_Warning_IRQHandler
                0x000047ee        0x8 ./startup/startup_mk64f12.o
                0x000047ee                CAN0_Rx_Warning_IRQHandler
 .text.CAN0_Wake_Up_IRQHandler
                0x000047f6        0x8 ./startup/startup_mk64f12.o
                0x000047f6                CAN0_Wake_Up_IRQHandler
 .text.SDHC_IRQHandler
                0x000047fe        0x8 ./startup/startup_mk64f12.o
                0x000047fe                SDHC_IRQHandler
 .text.ENET_1588_Timer_IRQHandler
                0x00004806        0x8 ./startup/startup_mk64f12.o
                0x00004806                ENET_1588_Timer_IRQHandler
 .text.ENET_Transmit_IRQHandler
                0x0000480e        0x8 ./startup/startup_mk64f12.o
                0x0000480e                ENET_Transmit_IRQHandler
 .text.ENET_Receive_IRQHandler
                0x00004816        0x8 ./startup/startup_mk64f12.o
                0x00004816                ENET_Receive_IRQHandler
 .text.ENET_Error_IRQHandler
                0x0000481e        0x8 ./startup/startup_mk64f12.o
                0x0000481e                ENET_Error_IRQHandler
 .text.HardFault_Handler
                0x00004826       0x36 ./source/semihost_hardfault.o
                0x00004826                HardFault_Handler
 .text.CLOCK_EnableClock
                0x0000485c       0x34 ./drivers/fsl_clock.o
 .text.CLOCK_DisableClock
                0x00004890       0x38 ./drivers/fsl_clock.o
 .text.OSC_SetExtRefClkConfig
                0x000048c8       0x34 ./drivers/fsl_clock.o
 .text.OSC_SetCapLoad
                0x000048fc       0x34 ./drivers/fsl_clock.o
 .text.CLOCK_GetPll0RefFreq
                0x00004930        0xe ./drivers/fsl_clock.o
 .text.CLOCK_GetFixedFreqClkFreq
                0x0000493e       0x34 ./drivers/fsl_clock.o
                0x0000493e                CLOCK_GetFixedFreqClkFreq
 .text.GPIO_PinWrite
                0x00004972       0x36 ./drivers/fsl_gpio.o
 .text.CLOCK_EnableClock
                0x000049a8       0x34 ./drivers/fsl_rtc.o
 .text.RTC_Reset
                0x000049dc       0x32 ./drivers/fsl_rtc.o
 .text.RTC_GetStatusFlags
                0x00004a0e       0x56 ./drivers/fsl_rtc.o
                0x00004a0e                RTC_GetStatusFlags
 .text.CLOCK_EnableClock
                0x00004a64       0x34 ./drivers/fsl_uart.o
 .text.UART_GetStatusFlags
                0x00004a98       0x48 ./drivers/fsl_uart.o
                0x00004a98                UART_GetStatusFlags
 .text.UART_ClearStatusFlags
                0x00004ae0       0x80 ./drivers/fsl_uart.o
                0x00004ae0                UART_ClearStatusFlags
 .text.UART_WriteBlocking
                0x00004b60       0x50 ./drivers/fsl_uart.o
                0x00004b60                UART_WriteBlocking
 .text.UART0_RX_TX_DriverIRQHandler
                0x00004bb0       0x12 ./drivers/fsl_uart.o
                0x00004bb0                UART0_RX_TX_DriverIRQHandler
 .text.UART1_RX_TX_DriverIRQHandler
                0x00004bc2       0x12 ./drivers/fsl_uart.o
                0x00004bc2                UART1_RX_TX_DriverIRQHandler
 .text.UART2_RX_TX_DriverIRQHandler
                0x00004bd4       0x12 ./drivers/fsl_uart.o
                0x00004bd4                UART2_RX_TX_DriverIRQHandler
 .text.UART3_RX_TX_DriverIRQHandler
                0x00004be6       0x12 ./drivers/fsl_uart.o
                0x00004be6                UART3_RX_TX_DriverIRQHandler
 .text.UART4_RX_TX_DriverIRQHandler
                0x00004bf8       0x12 ./drivers/fsl_uart.o
                0x00004bf8                UART4_RX_TX_DriverIRQHandler
 .text.UART5_RX_TX_DriverIRQHandler
                0x00004c0a       0x12 ./drivers/fsl_uart.o
                0x00004c0a                UART5_RX_TX_DriverIRQHandler
 .text.SystemInitHook
                0x00004c1c        0xe ./device/system_MK64F12.o
                0x00004c1c                SystemInitHook
 .text.HAL_UartGetStatus
                0x00004c2a       0x22 ./component/uart/fsl_adapter_uart.o
 .text.DisableGlobalIRQ
                0x00004c4c       0x22 ./component/serial_manager/fsl_component_serial_manager.o
 .text.EnableGlobalIRQ
                0x00004c6e       0x20 ./component/serial_manager/fsl_component_serial_manager.o
 .text.SerialManager_StartWriting
                0x00004c8e       0x38 ./component/serial_manager/fsl_component_serial_manager.o
 .text.SerialManager_StartReading
                0x00004cc6       0x38 ./component/serial_manager/fsl_component_serial_manager.o
 .text.SerialManager_Write
                0x00004cfe       0x44 ./component/serial_manager/fsl_component_serial_manager.o
 .text.SerialManager_Read
                0x00004d42       0x44 ./component/serial_manager/fsl_component_serial_manager.o
 .text.SerialManager_Init
                0x00004d86       0x60 ./component/serial_manager/fsl_component_serial_manager.o
                0x00004d86                SerialManager_Init
 .text.SerialManager_OpenWriteHandle
                0x00004de6       0x50 ./component/serial_manager/fsl_component_serial_manager.o
                0x00004de6                SerialManager_OpenWriteHandle
 .text.SerialManager_OpenReadHandle
                0x00004e36       0x60 ./component/serial_manager/fsl_component_serial_manager.o
                0x00004e36                SerialManager_OpenReadHandle
 .text.SerialManager_WriteBlocking
                0x00004e96       0x20 ./component/serial_manager/fsl_component_serial_manager.o
                0x00004e96                SerialManager_WriteBlocking
 .text.SerialManager_ReadBlocking
                0x00004eb6       0x20 ./component/serial_manager/fsl_component_serial_manager.o
                0x00004eb6                SerialManager_ReadBlocking
 .text.Serial_UartInit
                0x00004ed6       0x3e ./component/serial_manager/fsl_component_serial_port_uart.o
                0x00004ed6                Serial_UartInit
 .text.Serial_UartWrite
                0x00004f14       0x38 ./component/serial_manager/fsl_component_serial_port_uart.o
                0x00004f14                Serial_UartWrite
 .text.Serial_UartRead
                0x00004f4c       0x38 ./component/serial_manager/fsl_component_serial_port_uart.o
                0x00004f4c                Serial_UartRead
 .text.BOARD_InitDebugConsole
                0x00004f84       0x22 ./board/board.o
                0x00004f84                BOARD_InitDebugConsole
 .text.BOARD_InitBootClocks
                0x00004fa6        0xc ./board/clock_config.o
                0x00004fa6                BOARD_InitBootClocks
 .text.BOARD_InitPeripherals
                0x00004fb2        0xe ./board/peripherals.o
                0x00004fb2                BOARD_InitPeripherals
 .text.BOARD_InitBootPeripherals
                0x00004fc0        0xc ./board/peripherals.o
                0x00004fc0                BOARD_InitBootPeripherals
 .text.CLOCK_EnableClock
                0x00004fcc       0x34 ./board/pin_mux.o
 .text.PORT_SetPinMux
                0x00005000       0x3a ./board/pin_mux.o
 .text.BOARD_InitBootPins
                0x0000503a       0x10 ./board/pin_mux.o
                0x0000503a                BOARD_InitBootPins
 .text.__main   0x0000504a        0xe C:/nxp/MCUXpressoIDE_24.12.148/ide/plugins/com.nxp.mcuxpresso.tools.win32_24.12.0.202407110909/tools/bin/../lib/gcc/arm-none-eabi/13.2.1/../../../../arm-none-eabi/lib/thumb/v7e-m+fp/hard\libcr_nohost_nf.a(_cr__main.o)
                0x0000504a                __main
 .text.__sys_appexit
                0x00005058        0x2 C:/nxp/MCUXpressoIDE_24.12.148/ide/plugins/com.nxp.mcuxpresso.tools.win32_24.12.0.202407110909/tools/bin/../lib/gcc/arm-none-eabi/13.2.1/../../../../arm-none-eabi/lib/thumb/v7e-m+fp/hard\libcr_nohost_nf.a(__sys_appexit.o)
                0x00005058                __sys_appexit
                0x00005058                __exit
 .text.memset   0x0000505a        0x4 C:/nxp/MCUXpressoIDE_24.12.148/ide/plugins/com.nxp.mcuxpresso.tools.win32_24.12.0.202407110909/tools/bin/../lib/gcc/arm-none-eabi/13.2.1/../../../../arm-none-eabi/lib/thumb/v7e-m+fp/hard\libcr_c.a(memset.o)
                0x0000505a                memset
 .text._deferredlazyseek
                0x0000505e       0x40 C:/nxp/MCUXpressoIDE_24.12.148/ide/plugins/com.nxp.mcuxpresso.tools.win32_24.12.0.202407110909/tools/bin/../lib/gcc/arm-none-eabi/13.2.1/../../../../arm-none-eabi/lib/thumb/v7e-m+fp/hard\libcr_c.a(_deferredlazyseek.o)
                0x0000505e                _deferredlazyseek
 .text.__flsbuf
                0x0000509e      0x126 C:/nxp/MCUXpressoIDE_24.12.148/ide/plugins/com.nxp.mcuxpresso.tools.win32_24.12.0.202407110909/tools/bin/../lib/gcc/arm-none-eabi/13.2.1/../../../../arm-none-eabi/lib/thumb/v7e-m+fp/hard\libcr_c.a(_deferredlazyseek.o)
                0x0000509e                __flsbuf
 .text._fflush  0x000051c4       0x52 C:/nxp/MCUXpressoIDE_24.12.148/ide/plugins/com.nxp.mcuxpresso.tools.win32_24.12.0.202407110909/tools/bin/../lib/gcc/arm-none-eabi/13.2.1/../../../../arm-none-eabi/lib/thumb/v7e-m+fp/hard\libcr_c.a(_fflush.o)
                0x000051c4                _fflush
 .text.free     0x00005216       0x30 C:/nxp/MCUXpressoIDE_24.12.148/ide/plugins/com.nxp.mcuxpresso.tools.win32_24.12.0.202407110909/tools/bin/../lib/gcc/arm-none-eabi/13.2.1/../../../../arm-none-eabi/lib/thumb/v7e-m+fp/hard\libcr_c.a(alloc.o)
                0x00005216                free
 .text.fputs    0x00005246       0x2c C:/nxp/MCUXpressoIDE_24.12.148/ide/plugins/com.nxp.mcuxpresso.tools.win32_24.12.0.202407110909/tools/bin/../lib/gcc/arm-none-eabi/13.2.1/../../../../arm-none-eabi/lib/thumb/v7e-m+fp/hard\libcr_c.a(fputs.o)
                0x00005246                fputs
 .text.no_fp_display
                0x00005272        0x4 C:/nxp/MCUXpressoIDE_24.12.148/ide/plugins/com.nxp.mcuxpresso.tools.win32_24.12.0.202407110909/tools/bin/../lib/gcc/arm-none-eabi/13.2.1/../../../../arm-none-eabi/lib/thumb/v7e-m+fp/hard\libcr_c.a(printf.o)
 .text.sscanf   0x00005276       0x3e C:/nxp/MCUXpressoIDE_24.12.148/ide/plugins/com.nxp.mcuxpresso.tools.win32_24.12.0.202407110909/tools/bin/../lib/gcc/arm-none-eabi/13.2.1/../../../../arm-none-eabi/lib/thumb/v7e-m+fp/hard\libcr_c.a(scanf.o)
                0x00005276                sscanf
 .text.setvbuf  0x000052b4       0x3e C:/nxp/MCUXpressoIDE_24.12.148/ide/plugins/com.nxp.mcuxpresso.tools.win32_24.12.0.202407110909/tools/bin/../lib/gcc/arm-none-eabi/13.2.1/../../../../arm-none-eabi/lib/thumb/v7e-m+fp/hard\libcr_c.a(setvbuf.o)
                0x000052b4                setvbuf
 .text.strlen   0x000052f2       0x4e C:/nxp/MCUXpressoIDE_24.12.148/ide/plugins/com.nxp.mcuxpresso.tools.win32_24.12.0.202407110909/tools/bin/../lib/gcc/arm-none-eabi/13.2.1/../../../../arm-none-eabi/lib/thumb/v7e-m+fp/hard\libcr_c.a(strlen.o)
                0x000052f2                strlen
 .text.ungetc   0x00005340       0x32 C:/nxp/MCUXpressoIDE_24.12.148/ide/plugins/com.nxp.mcuxpresso.tools.win32_24.12.0.202407110909/tools/bin/../lib/gcc/arm-none-eabi/13.2.1/../../../../arm-none-eabi/lib/thumb/v7e-m+fp/hard\libcr_c.a(ungetc.o)
                0x00005340                ungetc
 .text._Csys_read_
                0x00005372       0x22 C:/nxp/MCUXpressoIDE_24.12.148/ide/plugins/com.nxp.mcuxpresso.tools.win32_24.12.0.202407110909/tools/bin/../lib/gcc/arm-none-eabi/13.2.1/../../../../arm-none-eabi/lib/thumb/v7e-m+fp/hard\libcr_c.a(__fillbuf.o)
                0x00005372                _Csys_read_
 .text._fdopen  0x00005394       0x68 C:/nxp/MCUXpressoIDE_24.12.148/ide/plugins/com.nxp.mcuxpresso.tools.win32_24.12.0.202407110909/tools/bin/../lib/gcc/arm-none-eabi/13.2.1/../../../../arm-none-eabi/lib/thumb/v7e-m+fp/hard\libcr_c.a(_fdopen.o)
                0x00005394                _fdopen
 .text.fclose   0x000053fc       0x58 C:/nxp/MCUXpressoIDE_24.12.148/ide/plugins/com.nxp.mcuxpresso.tools.win32_24.12.0.202407110909/tools/bin/../lib/gcc/arm-none-eabi/13.2.1/../../../../arm-none-eabi/lib/thumb/v7e-m+fp/hard\libcr_c.a(fclose.o)
                0x000053fc                fclose
 .text.remove   0x00005454       0x14 C:/nxp/MCUXpressoIDE_24.12.148/ide/plugins/com.nxp.mcuxpresso.tools.win32_24.12.0.202407110909/tools/bin/../lib/gcc/arm-none-eabi/13.2.1/../../../../arm-none-eabi/lib/thumb/v7e-m+fp/hard\libcr_c.a(remove.o)
                0x00005454                remove
 .text._do_fflush
                0x00005468       0x40 C:/nxp/MCUXpressoIDE_24.12.148/ide/plugins/com.nxp.mcuxpresso.tools.win32_24.12.0.202407110909/tools/bin/../lib/gcc/arm-none-eabi/13.2.1/../../../../arm-none-eabi/lib/thumb/v7e-m+fp/hard\libcr_c.a(_do_fflush.o)
                0x00005468                _do_fflush
 .text.__bhs_ui2d
                0x000054a8       0x46 C:/nxp/MCUXpressoIDE_24.12.148/ide/plugins/com.nxp.mcuxpresso.tools.win32_24.12.0.202407110909/tools/bin/../lib/gcc/arm-none-eabi/13.2.1/thumb/v7e-m+fp/hard\libcr_eabihelpers.a(double.o)
                0x000054a8                __bhs_ui2d
 .text.__aeabi_i2d
                0x000054ee       0x10 C:/nxp/MCUXpressoIDE_24.12.148/ide/plugins/com.nxp.mcuxpresso.tools.win32_24.12.0.202407110909/tools/bin/../lib/gcc/arm-none-eabi/13.2.1/thumb/v7e-m+fp/hard\libcr_eabihelpers.a(double.o)
                0x000054ee                __aeabi_i2d
 .text.__aeabi_dcmpeq
                0x000054fe       0x30 C:/nxp/MCUXpressoIDE_24.12.148/ide/plugins/com.nxp.mcuxpresso.tools.win32_24.12.0.202407110909/tools/bin/../lib/gcc/arm-none-eabi/13.2.1/thumb/v7e-m+fp/hard\libcr_eabihelpers.a(double.o)
                0x000054fe                __aeabi_dcmpeq
 .text.__aeabi_dcmpge
                0x0000552e       0x5a C:/nxp/MCUXpressoIDE_24.12.148/ide/plugins/com.nxp.mcuxpresso.tools.win32_24.12.0.202407110909/tools/bin/../lib/gcc/arm-none-eabi/13.2.1/thumb/v7e-m+fp/hard\libcr_eabihelpers.a(double.o)
                0x0000552e                __aeabi_dcmpge
 .text.__aeabi_memset_lowlevel
                0x00005588       0x32 C:/nxp/MCUXpressoIDE_24.12.148/ide/plugins/com.nxp.mcuxpresso.tools.win32_24.12.0.202407110909/tools/bin/../lib/gcc/arm-none-eabi/13.2.1/thumb/v7e-m+fp/hard\libcr_eabihelpers.a(memcpy.o)
                0x00005588                __aeabi_lowlevel_memset
 .text.__sys_close
                0x000055ba        0x6 C:/nxp/MCUXpressoIDE_24.12.148/ide/plugins/com.nxp.mcuxpresso.tools.win32_24.12.0.202407110909/tools/bin/../lib/gcc/arm-none-eabi/13.2.1/../../../../arm-none-eabi/lib/thumb/v7e-m+fp/hard\libcr_nohost_nf.a(__sys_close.o)
                0x000055ba                __sys_close
 .text.__sys_flen
                0x000055c0        0x6 C:/nxp/MCUXpressoIDE_24.12.148/ide/plugins/com.nxp.mcuxpresso.tools.win32_24.12.0.202407110909/tools/bin/../lib/gcc/arm-none-eabi/13.2.1/../../../../arm-none-eabi/lib/thumb/v7e-m+fp/hard\libcr_nohost_nf.a(__sys_flen.o)
                0x000055c0                __sys_flen
 .text.__sys_istty
                0x000055c6        0x6 C:/nxp/MCUXpressoIDE_24.12.148/ide/plugins/com.nxp.mcuxpresso.tools.win32_24.12.0.202407110909/tools/bin/../lib/gcc/arm-none-eabi/13.2.1/../../../../arm-none-eabi/lib/thumb/v7e-m+fp/hard\libcr_nohost_nf.a(__sys_istty.o)
                0x000055c6                __sys_istty
 .text.__sys_read
                0x000055cc        0x4 C:/nxp/MCUXpressoIDE_24.12.148/ide/plugins/com.nxp.mcuxpresso.tools.win32_24.12.0.202407110909/tools/bin/../lib/gcc/arm-none-eabi/13.2.1/../../../../arm-none-eabi/lib/thumb/v7e-m+fp/hard\libcr_nohost_nf.a(__sys_read.o)
                0x000055cc                __sys_read
 .text.__sys_remove
                0x000055d0        0x6 C:/nxp/MCUXpressoIDE_24.12.148/ide/plugins/com.nxp.mcuxpresso.tools.win32_24.12.0.202407110909/tools/bin/../lib/gcc/arm-none-eabi/13.2.1/../../../../arm-none-eabi/lib/thumb/v7e-m+fp/hard\libcr_nohost_nf.a(__sys_remove.o)
                0x000055d0                __sys_remove
 .text.__sys_seek
                0x000055d6        0x6 C:/nxp/MCUXpressoIDE_24.12.148/ide/plugins/com.nxp.mcuxpresso.tools.win32_24.12.0.202407110909/tools/bin/../lib/gcc/arm-none-eabi/13.2.1/../../../../arm-none-eabi/lib/thumb/v7e-m+fp/hard\libcr_nohost_nf.a(__sys_seek.o)
                0x000055d6                __sys_seek
 .text.__sys_tmpnam
                0x000055dc        0x6 C:/nxp/MCUXpressoIDE_24.12.148/ide/plugins/com.nxp.mcuxpresso.tools.win32_24.12.0.202407110909/tools/bin/../lib/gcc/arm-none-eabi/13.2.1/../../../../arm-none-eabi/lib/thumb/v7e-m+fp/hard\libcr_nohost_nf.a(__sys_tmpnam.o)
                0x000055dc                __sys_tmpnam
 *(SORT_BY_ALIGNMENT(.rodata) SORT_BY_ALIGNMENT(.rodata.*) SORT_BY_ALIGNMENT(.constdata) SORT_BY_ALIGNMENT(.constdata.*))
 *fill*         0x000055e2        0x2 ff
 .rodata.set_rtc.str1.4
                0x000055e4      0x5e6 ./source/main.o
                                 0x18 (size before relaxing)
 .rodata.main.str1.4
                0x00005bca       0x76 ./source/main.o
 .rodata.CLOCK_GetMcgExtClkFreq.str1.4
                0x00005bca       0x49 ./drivers/fsl_clock.o
 .rodata.CLOCK_GetOsc0ErClkFreq.str1.4
                0x00005bca       0x1e ./drivers/fsl_clock.o
 .rodata.CLOCK_GetEr32kClkFreq.str1.4
                0x00005bca       0x1f ./drivers/fsl_clock.o
 .rodata.CLOCK_GetPll0Freq.str1.4
                0x00005bca       0x1d ./drivers/fsl_clock.o
 .rodata.CLOCK_EnablePll0.str1.4
                0x00005bca       0x1a ./drivers/fsl_clock.o
 .rodata.CLOCK_SetPbeMode.str1.4
                0x00005bca       0x1a ./drivers/fsl_clock.o
 .rodata.CLOCK_BootToPeeMode.str1.4
                0x00005bca       0x1a ./drivers/fsl_clock.o
 *fill*         0x00005bca        0x2 ff
 .rodata.fllFactorTable.1
                0x00005bcc       0x10 ./drivers/fsl_clock.o
 .rodata.GPIO_PinInit.str1.4
                0x00005bdc       0x20 ./drivers/fsl_gpio.o
 .rodata.RTC_CheckDatetimeFormat.str1.4
                0x00005bdc       0x20 ./drivers/fsl_rtc.o
 .rodata        0x00005bdc       0x2a ./drivers/fsl_rtc.o
 .rodata.RTC_ConvertDatetimeToSeconds.str1.4
                0x00005c06       0x20 ./drivers/fsl_rtc.o
 .rodata.RTC_ConvertSecondsToDatetime.str1.4
                0x00005c06       0x21 ./drivers/fsl_rtc.o
 .rodata.RTC_Init.str1.4
                0x00005c06       0x1f ./drivers/fsl_rtc.o
 .rodata.RTC_SetDatetime.str1.4
                0x00005c06       0x21 ./drivers/fsl_rtc.o
 .rodata.RTC_GetDatetime.str1.4
                0x00005c06       0x21 ./drivers/fsl_rtc.o
 *fill*         0x00005c06        0x2 ff
 .rodata.s_uartBases
                0x00005c08       0x18 ./drivers/fsl_uart.o
 .rodata.s_uartClock
                0x00005c20       0x18 ./drivers/fsl_uart.o
 .rodata.UART_GetInstance.str1.4
                0x00005c38       0x2b ./drivers/fsl_uart.o
 .rodata.UART_Init.str1.4
                0x00005c38       0xfb ./drivers/fsl_uart.o
 .rodata.UART_GetDefaultConfig.str1.4
                0x00005c38       0x20 ./drivers/fsl_uart.o
 .rodata.UART_ReadBlocking.str1.4
                0x00005c38       0x1e ./drivers/fsl_uart.o
 .rodata.s_UartAdapterBase
                0x00005c38       0x18 ./component/uart/fsl_adapter_uart.o
 .rodata.HAL_UartInit.str1.4
                0x00005c50       0xdd ./component/uart/fsl_adapter_uart.o
 .rodata.HAL_UartReceiveBlocking.str1.4
                0x00005c50       0x60 ./component/uart/fsl_adapter_uart.o
 .rodata.HAL_UartSendBlocking.str1.4
                0x00005c50       0x60 ./component/uart/fsl_adapter_uart.o
 .rodata.mcgConfig_BOARD_BootClockRUN
                0x00005c50        0xb ./board/clock_config.o
                0x00005c50                mcgConfig_BOARD_BootClockRUN
 *fill*         0x00005c5b        0x1 ff
 .rodata.simConfig_BOARD_BootClockRUN
                0x00005c5c        0x8 ./board/clock_config.o
                0x00005c5c                simConfig_BOARD_BootClockRUN
 .rodata.oscConfig_BOARD_BootClockRUN
                0x00005c64        0x8 ./board/clock_config.o
                0x00005c64                oscConfig_BOARD_BootClockRUN
 .rodata.PORT_SetPinConfig.str1.4
                0x00005c6c       0x62 ./board/pin_mux.o
 .rodata.__num_Ciob_streams
                0x00005c6c        0x4 C:/nxp/MCUXpressoIDE_24.12.148/ide/plugins/com.nxp.mcuxpresso.tools.win32_24.12.0.202407110909/tools/bin/../lib/gcc/arm-none-eabi/13.2.1/../../../../arm-none-eabi/lib/thumb/v7e-m+fp/hard\libcr_nohost_nf.a(__ciob.o)
                0x00005c6c                __num_Ciob_streams
 .rodata.__assertion_failed.str1.1
                0x00005c70       0x66 C:/nxp/MCUXpressoIDE_24.12.148/ide/plugins/com.nxp.mcuxpresso.tools.win32_24.12.0.202407110909/tools/bin/../lib/gcc/arm-none-eabi/13.2.1/../../../../arm-none-eabi/lib/thumb/v7e-m+fp/hard\libcr_nohost_nf.a(_cr_assert.o)
                                 0x15 (size before relaxing)
 .rodata._Csys_alloc.str1.1
                0x00005cd6       0x18 C:/nxp/MCUXpressoIDE_24.12.148/ide/plugins/com.nxp.mcuxpresso.tools.win32_24.12.0.202407110909/tools/bin/../lib/gcc/arm-none-eabi/13.2.1/../../../../arm-none-eabi/lib/thumb/v7e-m+fp/hard\libcr_c.a(alloc.o)
 .rodata._initio.str1.1
                0x00005cd6        0x4 C:/nxp/MCUXpressoIDE_24.12.148/ide/plugins/com.nxp.mcuxpresso.tools.win32_24.12.0.202407110909/tools/bin/../lib/gcc/arm-none-eabi/13.2.1/../../../../arm-none-eabi/lib/thumb/v7e-m+fp/hard\libcr_c.a(initio.o)
 .rodata.__vfprintf.str1.1
                0x00005cd6       0x38 C:/nxp/MCUXpressoIDE_24.12.148/ide/plugins/com.nxp.mcuxpresso.tools.win32_24.12.0.202407110909/tools/bin/../lib/gcc/arm-none-eabi/13.2.1/../../../../arm-none-eabi/lib/thumb/v7e-m+fp/hard\libcr_c.a(printf.o)
 .rodata.__ctype
                0x00005cd6      0x180 C:/nxp/MCUXpressoIDE_24.12.148/ide/plugins/com.nxp.mcuxpresso.tools.win32_24.12.0.202407110909/tools/bin/../lib/gcc/arm-none-eabi/13.2.1/../../../../arm-none-eabi/lib/thumb/v7e-m+fp/hard\libcr_c.a(ctype.o)
                0x00005cd6                __ctype
                0x00005e58                        . = ALIGN (0x8)
 *fill*         0x00005e56        0x2 ff

.glue_7         0x00005e58        0x0
 .glue_7        0x00005e58        0x0 linker stubs

.glue_7t        0x00005e58        0x0
 .glue_7t       0x00005e58        0x0 linker stubs

.vfp11_veneer   0x00005e58        0x0
 .vfp11_veneer  0x00005e58        0x0 linker stubs

.v4_bx          0x00005e58        0x0
 .v4_bx         0x00005e58        0x0 linker stubs

.iplt           0x00005e58        0x0
 .iplt          0x00005e58        0x0 ./utilities/fsl_debug_console.o

.rel.dyn        0x00005e58        0x0
 .rel.iplt      0x00005e58        0x0 ./utilities/fsl_debug_console.o

.ARM.extab
 *(SORT_BY_ALIGNMENT(.ARM.extab*) SORT_BY_ALIGNMENT(.gnu.linkonce.armextab.*))

.ARM.exidx      0x00005e58        0x0
                0x00005e58                        __exidx_start = .
 *(SORT_BY_ALIGNMENT(.ARM.exidx*) SORT_BY_ALIGNMENT(.gnu.linkonce.armexidx.*))
                0x00005e58                        __exidx_end = .
                0x00005e58                        _etext = .

.m_usb_data
 *(SORT_BY_ALIGNMENT(m_usb_bdt))

.data_RAM2      0x1fff0000        0x0 load address 0x00005e58
 FILL mask 0xff
                [!provide]                        PROVIDE (__start_data_RAM2 = .)
                [!provide]                        PROVIDE (__start_data_SRAM_LOWER = .)
 *(SORT_BY_ALIGNMENT(.ramfunc.$RAM2))
 *(SORT_BY_ALIGNMENT(.ramfunc.$SRAM_LOWER))
 *(SORT_BY_ALIGNMENT(.data.$RAM2))
 *(SORT_BY_ALIGNMENT(.data.$SRAM_LOWER))
 *(SORT_BY_ALIGNMENT(.data.$RAM2.*))
 *(SORT_BY_ALIGNMENT(.data.$SRAM_LOWER.*))
                0x1fff0000                        . = ALIGN (0x8)
                [!provide]                        PROVIDE (__end_data_RAM2 = .)
                [!provide]                        PROVIDE (__end_data_SRAM_LOWER = .)

.data_RAM3      0x14000000        0x0 load address 0x00005e58
 FILL mask 0xff
                [!provide]                        PROVIDE (__start_data_RAM3 = .)
                [!provide]                        PROVIDE (__start_data_FLEX_RAM = .)
 *(SORT_BY_ALIGNMENT(.ramfunc.$RAM3))
 *(SORT_BY_ALIGNMENT(.ramfunc.$FLEX_RAM))
 *(SORT_BY_ALIGNMENT(.data.$RAM3))
 *(SORT_BY_ALIGNMENT(.data.$FLEX_RAM))
 *(SORT_BY_ALIGNMENT(.data.$RAM3.*))
 *(SORT_BY_ALIGNMENT(.data.$FLEX_RAM.*))
                0x14000000                        . = ALIGN (0x8)
                [!provide]                        PROVIDE (__end_data_RAM3 = .)
                [!provide]                        PROVIDE (__end_data_FLEX_RAM = .)

.uninit_RESERVED
                0x20000000        0x0
                0x20000000                        _start_uninit_RESERVED = .
 *(SORT_BY_ALIGNMENT(.bss.$RESERVED*))
                0x20000000                        . = ALIGN (0x8)
                0x20000000                        _end_uninit_RESERVED = .

.data           0x20000000       0x18 load address 0x00005e58
 FILL mask 0xff
                0x20000000                        _data = .
                [!provide]                        PROVIDE (__start_data_RAM = .)
                [!provide]                        PROVIDE (__start_data_SRAM_UPPER = .)
 *(SORT_BY_ALIGNMENT(vtable))
 *(SORT_BY_ALIGNMENT(.ramfunc*))
 *(SORT_BY_ALIGNMENT(CodeQuickAccess))
 *(SORT_BY_ALIGNMENT(DataQuickAccess))
 *(SORT_BY_ALIGNMENT(RamFunction))
 *(SORT_BY_ALIGNMENT(.data*))
 .data.s_slowIrcFreq
                0x20000000        0x4 ./drivers/fsl_clock.o
 .data.s_fastIrcFreq
                0x20000004        0x4 ./drivers/fsl_clock.o
 .data.SystemCoreClock
                0x20000008        0x4 ./device/system_MK64F12.o
                0x20000008                SystemCoreClock
 .data.neginf.0
                0x2000000c        0x4 C:/nxp/MCUXpressoIDE_24.12.148/ide/plugins/com.nxp.mcuxpresso.tools.win32_24.12.0.202407110909/tools/bin/../lib/gcc/arm-none-eabi/13.2.1/../../../../arm-none-eabi/lib/thumb/v7e-m+fp/hard\libcr_c.a(scanf.o)
 .data.posinf.1
                0x20000010        0x4 C:/nxp/MCUXpressoIDE_24.12.148/ide/plugins/com.nxp.mcuxpresso.tools.win32_24.12.0.202407110909/tools/bin/../lib/gcc/arm-none-eabi/13.2.1/../../../../arm-none-eabi/lib/thumb/v7e-m+fp/hard\libcr_c.a(scanf.o)
                0x20000018                        . = ALIGN (0x8)
 *fill*         0x20000014        0x4 ff
                0x20000018                        _edata = .
                [!provide]                        PROVIDE (__end_data_RAM = .)
                [!provide]                        PROVIDE (__end_data_SRAM_UPPER = .)

.igot.plt       0x20000018        0x0 load address 0x00005e70
 .igot.plt      0x20000018        0x0 ./utilities/fsl_debug_console.o

.bss_RAM2       0x1fff0000        0x0
                [!provide]                        PROVIDE (__start_bss_RAM2 = .)
                [!provide]                        PROVIDE (__start_bss_SRAM_LOWER = .)
 *(SORT_BY_ALIGNMENT(.bss.$RAM2))
 *(SORT_BY_ALIGNMENT(.bss.$SRAM_LOWER))
 *(SORT_BY_ALIGNMENT(.bss.$RAM2.*))
 *(SORT_BY_ALIGNMENT(.bss.$SRAM_LOWER.*))
                0x1fff0000                        . = ALIGN ((. != 0x0)?0x8:0x1)
                [!provide]                        PROVIDE (__end_bss_RAM2 = .)
                [!provide]                        PROVIDE (__end_bss_SRAM_LOWER = .)

.bss_RAM3       0x14000000        0x0
                [!provide]                        PROVIDE (__start_bss_RAM3 = .)
                [!provide]                        PROVIDE (__start_bss_FLEX_RAM = .)
 *(SORT_BY_ALIGNMENT(.bss.$RAM3))
 *(SORT_BY_ALIGNMENT(.bss.$FLEX_RAM))
 *(SORT_BY_ALIGNMENT(.bss.$RAM3.*))
 *(SORT_BY_ALIGNMENT(.bss.$FLEX_RAM.*))
                0x14000000                        . = ALIGN ((. != 0x0)?0x8:0x1)
                [!provide]                        PROVIDE (__end_bss_RAM3 = .)
                [!provide]                        PROVIDE (__end_bss_FLEX_RAM = .)

.bss            0x20000018      0x130
                0x20000018                        _bss = .
                [!provide]                        PROVIDE (__start_bss_RAM = .)
                [!provide]                        PROVIDE (__start_bss_SRAM_UPPER = .)
 *(SORT_BY_ALIGNMENT(.bss*))
 .bss.s_debugConsoleState
                0x20000018       0x20 ./utilities/fsl_debug_console.o
 .bss.g_serialHandle
                0x20000038        0x4 ./utilities/fsl_debug_console.o
                0x20000038                g_serialHandle
 .bss.rxBuffer  0x2000003c       0x20 ./source/main.o
                0x2000003c                rxBuffer
 .bss.g_xtal0Freq
                0x2000005c        0x4 ./drivers/fsl_clock.o
                0x2000005c                g_xtal0Freq
 .bss.g_xtal32Freq
                0x20000060        0x4 ./drivers/fsl_clock.o
                0x20000060                g_xtal32Freq
 .bss.s_uartHandle
                0x20000064       0x18 ./drivers/fsl_uart.o
                0x20000064                s_uartHandle
 .bss.s_uartIsr
                0x2000007c        0x4 ./drivers/fsl_uart.o
                0x2000007c                s_uartIsr
 .bss.__Ciob    0x20000080       0xb4 C:/nxp/MCUXpressoIDE_24.12.148/ide/plugins/com.nxp.mcuxpresso.tools.win32_24.12.0.202407110909/tools/bin/../lib/gcc/arm-none-eabi/13.2.1/../../../../arm-none-eabi/lib/thumb/v7e-m+fp/hard\libcr_nohost_nf.a(__ciob.o)
                0x20000080                __Ciob
 .bss.errno     0x20000134        0x4 C:/nxp/MCUXpressoIDE_24.12.148/ide/plugins/com.nxp.mcuxpresso.tools.win32_24.12.0.202407110909/tools/bin/../lib/gcc/arm-none-eabi/13.2.1/../../../../arm-none-eabi/lib/thumb/v7e-m+fp/hard\libcr_c.a(errno.o)
                0x20000134                errno
 .bss.__end_of_heap
                0x20000138        0x4 C:/nxp/MCUXpressoIDE_24.12.148/ide/plugins/com.nxp.mcuxpresso.tools.win32_24.12.0.202407110909/tools/bin/../lib/gcc/arm-none-eabi/13.2.1/../../../../arm-none-eabi/lib/thumb/v7e-m+fp/hard\libcr_c.a(__init_alloc.o)
                0x20000138                __end_of_heap
 .bss.__heaps   0x2000013c        0x4 C:/nxp/MCUXpressoIDE_24.12.148/ide/plugins/com.nxp.mcuxpresso.tools.win32_24.12.0.202407110909/tools/bin/../lib/gcc/arm-none-eabi/13.2.1/../../../../arm-none-eabi/lib/thumb/v7e-m+fp/hard\libcr_c.a(__init_alloc.o)
                0x2000013c                __heaps
 .bss.s_debugConsoleReadWaitSemaphore
                0x20000140        0x1 ./utilities/fsl_debug_console.o
 *(SORT_BY_ALIGNMENT(COMMON))
                0x20000148                        . = ALIGN (0x8)
 *fill*         0x20000141        0x7 
                0x20000148                        _ebss = .
                [!provide]                        PROVIDE (__end_bss_RAM = .)
                [!provide]                        PROVIDE (__end_bss_SRAM_UPPER = .)
                [!provide]                        PROVIDE (end = .)

.noinit_RAM2    0x1fff0000        0x0
                [!provide]                        PROVIDE (__start_noinit_RAM2 = .)
                [!provide]                        PROVIDE (__start_noinit_SRAM_LOWER = .)
 *(SORT_BY_ALIGNMENT(.noinit.$RAM2))
 *(SORT_BY_ALIGNMENT(.noinit.$SRAM_LOWER))
 *(SORT_BY_ALIGNMENT(.noinit.$RAM2.*))
 *(SORT_BY_ALIGNMENT(.noinit.$SRAM_LOWER.*))
                0x1fff0000                        . = ALIGN (0x8)
                [!provide]                        PROVIDE (__end_noinit_RAM2 = .)
                [!provide]                        PROVIDE (__end_noinit_SRAM_LOWER = .)

.noinit_RAM3    0x14000000        0x0
                [!provide]                        PROVIDE (__start_noinit_RAM3 = .)
                [!provide]                        PROVIDE (__start_noinit_FLEX_RAM = .)
 *(SORT_BY_ALIGNMENT(.noinit.$RAM3))
 *(SORT_BY_ALIGNMENT(.noinit.$FLEX_RAM))
 *(SORT_BY_ALIGNMENT(.noinit.$RAM3.*))
 *(SORT_BY_ALIGNMENT(.noinit.$FLEX_RAM.*))
                0x14000000                        . = ALIGN (0x8)
                [!provide]                        PROVIDE (__end_noinit_RAM3 = .)
                [!provide]                        PROVIDE (__end_noinit_FLEX_RAM = .)

.noinit         0x20000148        0x0
                0x20000148                        _noinit = .
                [!provide]                        PROVIDE (__start_noinit_RAM = .)
                [!provide]                        PROVIDE (__start_noinit_SRAM_UPPER = .)
 *(SORT_BY_ALIGNMENT(.noinit*))
                0x20000148                        . = ALIGN (0x8)
                0x20000148                        _end_noinit = .
                [!provide]                        PROVIDE (__end_noinit_RAM = .)
                [!provide]                        PROVIDE (__end_noinit_SRAM_UPPER = .)
                0x00001000                        _HeapSize = 0x1000

.heap           0x20000148     0x1000
                0x20000148                        _pvHeapStart = .
                0x20001148                        . = (. + _HeapSize)
 *fill*         0x20000148     0x1000 
                0x20001148                        . = ALIGN (0x8)
                0x20001148                        _pvHeapLimit = .
                0x00001000                        _StackSize = 0x1000

.heap2stackfill
                0x20001148     0x1000
                0x20002148                        . = (. + _StackSize)
 *fill*         0x20001148     0x1000 

.stack          0x2002f000        0x0
                0x2002f000                        _vStackBase = .
                0x2002f000                        . = ALIGN (0x8)
                0x20030000                        _vStackTop = (. + _StackSize)
                0x00000000                        _image_start = LOADADDR (.text)
                0x00005e70                        _image_end = (LOADADDR (.data) + SIZEOF (.data))
                0x00005e70                        _image_size = (_image_end - _image_start)
OUTPUT(frdm.axf elf32-littlearm)
LOAD linker stubs

.debug_info     0x00000000    0x13b85
 .debug_info    0x00000000      0xabc ./utilities/fsl_debug_console.o
 .debug_info    0x00000abc      0xd01 ./startup/startup_mk64f12.o
 .debug_info    0x000017bd      0xba3 ./source/main.o
 .debug_info    0x00002360       0x3c ./source/semihost_hardfault.o
 .debug_info    0x0000239c     0x21e2 ./drivers/fsl_clock.o
 .debug_info    0x0000457e      0x6bb ./drivers/fsl_gpio.o
 .debug_info    0x00004c39      0x96e ./drivers/fsl_rtc.o
 .debug_info    0x000055a7     0x1fcf ./drivers/fsl_uart.o
 .debug_info    0x00007576      0x649 ./device/system_MK64F12.o
 .debug_info    0x00007bbf      0xb37 ./component/uart/fsl_adapter_uart.o
 .debug_info    0x000086f6      0x9c2 ./component/serial_manager/fsl_component_serial_manager.o
 .debug_info    0x000090b8      0x530 ./component/serial_manager/fsl_component_serial_port_uart.o
 .debug_info    0x000095e8      0x152 ./board/board.o
 .debug_info    0x0000973a      0xdd4 ./board/clock_config.o
 .debug_info    0x0000a50e       0x94 ./board/peripherals.o
 .debug_info    0x0000a5a2      0xca8 ./board/pin_mux.o
 .debug_info    0x0000b24a       0x85 C:/nxp/MCUXpressoIDE_24.12.148/ide/plugins/com.nxp.mcuxpresso.tools.win32_24.12.0.202407110909/tools/bin/../lib/gcc/arm-none-eabi/13.2.1/../../../../arm-none-eabi/lib/thumb/v7e-m+fp/hard\libcr_nohost_nf.a(_cr__main.o)
 .debug_info    0x0000b2cf      0x235 C:/nxp/MCUXpressoIDE_24.12.148/ide/plugins/com.nxp.mcuxpresso.tools.win32_24.12.0.202407110909/tools/bin/../lib/gcc/arm-none-eabi/13.2.1/../../../../arm-none-eabi/lib/thumb/v7e-m+fp/hard\libcr_nohost_nf.a(_cr_assert.o)
 .debug_info    0x0000b504      0x18b C:/nxp/MCUXpressoIDE_24.12.148/ide/plugins/com.nxp.mcuxpresso.tools.win32_24.12.0.202407110909/tools/bin/../lib/gcc/arm-none-eabi/13.2.1/../../../../arm-none-eabi/lib/thumb/v7e-m+fp/hard\libcr_nohost_nf.a(__ciob.o)
 .debug_info    0x0000b68f       0x38 C:/nxp/MCUXpressoIDE_24.12.148/ide/plugins/com.nxp.mcuxpresso.tools.win32_24.12.0.202407110909/tools/bin/../lib/gcc/arm-none-eabi/13.2.1/../../../../arm-none-eabi/lib/thumb/v7e-m+fp/hard\libcr_nohost_nf.a(__sys_appexit.o)
 .debug_info    0x0000b6c7       0xfc C:/nxp/MCUXpressoIDE_24.12.148/ide/plugins/com.nxp.mcuxpresso.tools.win32_24.12.0.202407110909/tools/bin/../lib/gcc/arm-none-eabi/13.2.1/../../../../arm-none-eabi/lib/thumb/v7e-m+fp/hard\libcr_c.a(memset.o)
 .debug_info    0x0000b7c3      0x369 C:/nxp/MCUXpressoIDE_24.12.148/ide/plugins/com.nxp.mcuxpresso.tools.win32_24.12.0.202407110909/tools/bin/../lib/gcc/arm-none-eabi/13.2.1/../../../../arm-none-eabi/lib/thumb/v7e-m+fp/hard\libcr_c.a(_deferredlazyseek.o)
 .debug_info    0x0000bb2c      0x1e3 C:/nxp/MCUXpressoIDE_24.12.148/ide/plugins/com.nxp.mcuxpresso.tools.win32_24.12.0.202407110909/tools/bin/../lib/gcc/arm-none-eabi/13.2.1/../../../../arm-none-eabi/lib/thumb/v7e-m+fp/hard\libcr_c.a(_fflush.o)
 .debug_info    0x0000bd0f      0x289 C:/nxp/MCUXpressoIDE_24.12.148/ide/plugins/com.nxp.mcuxpresso.tools.win32_24.12.0.202407110909/tools/bin/../lib/gcc/arm-none-eabi/13.2.1/../../../../arm-none-eabi/lib/thumb/v7e-m+fp/hard\libcr_c.a(_writebuf.o)
 .debug_info    0x0000bf98      0x520 C:/nxp/MCUXpressoIDE_24.12.148/ide/plugins/com.nxp.mcuxpresso.tools.win32_24.12.0.202407110909/tools/bin/../lib/gcc/arm-none-eabi/13.2.1/../../../../arm-none-eabi/lib/thumb/v7e-m+fp/hard\libcr_c.a(alloc.o)
 .debug_info    0x0000c4b8       0x44 C:/nxp/MCUXpressoIDE_24.12.148/ide/plugins/com.nxp.mcuxpresso.tools.win32_24.12.0.202407110909/tools/bin/../lib/gcc/arm-none-eabi/13.2.1/../../../../arm-none-eabi/lib/thumb/v7e-m+fp/hard\libcr_c.a(errno.o)
 .debug_info    0x0000c4fc      0x1e0 C:/nxp/MCUXpressoIDE_24.12.148/ide/plugins/com.nxp.mcuxpresso.tools.win32_24.12.0.202407110909/tools/bin/../lib/gcc/arm-none-eabi/13.2.1/../../../../arm-none-eabi/lib/thumb/v7e-m+fp/hard\libcr_c.a(fputs.o)
 .debug_info    0x0000c6dc      0x276 C:/nxp/MCUXpressoIDE_24.12.148/ide/plugins/com.nxp.mcuxpresso.tools.win32_24.12.0.202407110909/tools/bin/../lib/gcc/arm-none-eabi/13.2.1/../../../../arm-none-eabi/lib/thumb/v7e-m+fp/hard\libcr_c.a(fseek.o)
 .debug_info    0x0000c952      0x197 C:/nxp/MCUXpressoIDE_24.12.148/ide/plugins/com.nxp.mcuxpresso.tools.win32_24.12.0.202407110909/tools/bin/../lib/gcc/arm-none-eabi/13.2.1/../../../../arm-none-eabi/lib/thumb/v7e-m+fp/hard\libcr_c.a(ftell.o)
 .debug_info    0x0000cae9      0x339 C:/nxp/MCUXpressoIDE_24.12.148/ide/plugins/com.nxp.mcuxpresso.tools.win32_24.12.0.202407110909/tools/bin/../lib/gcc/arm-none-eabi/13.2.1/../../../../arm-none-eabi/lib/thumb/v7e-m+fp/hard\libcr_c.a(initio.o)
 .debug_info    0x0000ce22     0x1280 C:/nxp/MCUXpressoIDE_24.12.148/ide/plugins/com.nxp.mcuxpresso.tools.win32_24.12.0.202407110909/tools/bin/../lib/gcc/arm-none-eabi/13.2.1/../../../../arm-none-eabi/lib/thumb/v7e-m+fp/hard\libcr_c.a(printf.o)
 .debug_info    0x0000e0a2     0x19ef C:/nxp/MCUXpressoIDE_24.12.148/ide/plugins/com.nxp.mcuxpresso.tools.win32_24.12.0.202407110909/tools/bin/../lib/gcc/arm-none-eabi/13.2.1/../../../../arm-none-eabi/lib/thumb/v7e-m+fp/hard\libcr_c.a(scanf.o)
 .debug_info    0x0000fa91      0x1fd C:/nxp/MCUXpressoIDE_24.12.148/ide/plugins/com.nxp.mcuxpresso.tools.win32_24.12.0.202407110909/tools/bin/../lib/gcc/arm-none-eabi/13.2.1/../../../../arm-none-eabi/lib/thumb/v7e-m+fp/hard\libcr_c.a(setvbuf.o)
 .debug_info    0x0000fc8e       0xe1 C:/nxp/MCUXpressoIDE_24.12.148/ide/plugins/com.nxp.mcuxpresso.tools.win32_24.12.0.202407110909/tools/bin/../lib/gcc/arm-none-eabi/13.2.1/../../../../arm-none-eabi/lib/thumb/v7e-m+fp/hard\libcr_c.a(strlen.o)
 .debug_info    0x0000fd6f      0x192 C:/nxp/MCUXpressoIDE_24.12.148/ide/plugins/com.nxp.mcuxpresso.tools.win32_24.12.0.202407110909/tools/bin/../lib/gcc/arm-none-eabi/13.2.1/../../../../arm-none-eabi/lib/thumb/v7e-m+fp/hard\libcr_c.a(ungetc.o)
 .debug_info    0x0000ff01      0x46d C:/nxp/MCUXpressoIDE_24.12.148/ide/plugins/com.nxp.mcuxpresso.tools.win32_24.12.0.202407110909/tools/bin/../lib/gcc/arm-none-eabi/13.2.1/../../../../arm-none-eabi/lib/thumb/v7e-m+fp/hard\libcr_c.a(__fillbuf.o)
 .debug_info    0x0001036e       0xd4 C:/nxp/MCUXpressoIDE_24.12.148/ide/plugins/com.nxp.mcuxpresso.tools.win32_24.12.0.202407110909/tools/bin/../lib/gcc/arm-none-eabi/13.2.1/../../../../arm-none-eabi/lib/thumb/v7e-m+fp/hard\libcr_c.a(__init_alloc.o)
 .debug_info    0x00010442      0x107 C:/nxp/MCUXpressoIDE_24.12.148/ide/plugins/com.nxp.mcuxpresso.tools.win32_24.12.0.202407110909/tools/bin/../lib/gcc/arm-none-eabi/13.2.1/../../../../arm-none-eabi/lib/thumb/v7e-m+fp/hard\libcr_c.a(_cr_sbrk.o)
 .debug_info    0x00010549      0x24b C:/nxp/MCUXpressoIDE_24.12.148/ide/plugins/com.nxp.mcuxpresso.tools.win32_24.12.0.202407110909/tools/bin/../lib/gcc/arm-none-eabi/13.2.1/../../../../arm-none-eabi/lib/thumb/v7e-m+fp/hard\libcr_c.a(_fdopen.o)
 .debug_info    0x00010794      0x166 C:/nxp/MCUXpressoIDE_24.12.148/ide/plugins/com.nxp.mcuxpresso.tools.win32_24.12.0.202407110909/tools/bin/../lib/gcc/arm-none-eabi/13.2.1/../../../../arm-none-eabi/lib/thumb/v7e-m+fp/hard\libcr_c.a(_frexpl.o)
 .debug_info    0x000108fa      0x14e C:/nxp/MCUXpressoIDE_24.12.148/ide/plugins/com.nxp.mcuxpresso.tools.win32_24.12.0.202407110909/tools/bin/../lib/gcc/arm-none-eabi/13.2.1/../../../../arm-none-eabi/lib/thumb/v7e-m+fp/hard\libcr_c.a(_ldexpl.o)
 .debug_info    0x00010a48      0x2f8 C:/nxp/MCUXpressoIDE_24.12.148/ide/plugins/com.nxp.mcuxpresso.tools.win32_24.12.0.202407110909/tools/bin/../lib/gcc/arm-none-eabi/13.2.1/../../../../arm-none-eabi/lib/thumb/v7e-m+fp/hard\libcr_c.a(ctype.o)
 .debug_info    0x00010d40      0x318 C:/nxp/MCUXpressoIDE_24.12.148/ide/plugins/com.nxp.mcuxpresso.tools.win32_24.12.0.202407110909/tools/bin/../lib/gcc/arm-none-eabi/13.2.1/../../../../arm-none-eabi/lib/thumb/v7e-m+fp/hard\libcr_c.a(fclose.o)
 .debug_info    0x00011058      0x209 C:/nxp/MCUXpressoIDE_24.12.148/ide/plugins/com.nxp.mcuxpresso.tools.win32_24.12.0.202407110909/tools/bin/../lib/gcc/arm-none-eabi/13.2.1/../../../../arm-none-eabi/lib/thumb/v7e-m+fp/hard\libcr_c.a(fflush.o)
 .debug_info    0x00011261      0x1d7 C:/nxp/MCUXpressoIDE_24.12.148/ide/plugins/com.nxp.mcuxpresso.tools.win32_24.12.0.202407110909/tools/bin/../lib/gcc/arm-none-eabi/13.2.1/../../../../arm-none-eabi/lib/thumb/v7e-m+fp/hard\libcr_c.a(remove.o)
 .debug_info    0x00011438       0x78 C:/nxp/MCUXpressoIDE_24.12.148/ide/plugins/com.nxp.mcuxpresso.tools.win32_24.12.0.202407110909/tools/bin/../lib/gcc/arm-none-eabi/13.2.1/../../../../arm-none-eabi/lib/thumb/v7e-m+fp/hard\libcr_c.a(_cr_check_heap.o)
 .debug_info    0x000114b0      0x23a C:/nxp/MCUXpressoIDE_24.12.148/ide/plugins/com.nxp.mcuxpresso.tools.win32_24.12.0.202407110909/tools/bin/../lib/gcc/arm-none-eabi/13.2.1/../../../../arm-none-eabi/lib/thumb/v7e-m+fp/hard\libcr_c.a(_do_fflush.o)
 .debug_info    0x000116ea     0x2135 C:/nxp/MCUXpressoIDE_24.12.148/ide/plugins/com.nxp.mcuxpresso.tools.win32_24.12.0.202407110909/tools/bin/../lib/gcc/arm-none-eabi/13.2.1/thumb/v7e-m+fp/hard\libcr_eabihelpers.a(double.o)
 .debug_info    0x0001381f       0x6a C:/nxp/MCUXpressoIDE_24.12.148/ide/plugins/com.nxp.mcuxpresso.tools.win32_24.12.0.202407110909/tools/bin/../lib/gcc/arm-none-eabi/13.2.1/../../../../arm-none-eabi/lib/thumb/v7e-m+fp/hard\libcr_nohost_nf.a(__sys_close.o)
 .debug_info    0x00013889       0x6a C:/nxp/MCUXpressoIDE_24.12.148/ide/plugins/com.nxp.mcuxpresso.tools.win32_24.12.0.202407110909/tools/bin/../lib/gcc/arm-none-eabi/13.2.1/../../../../arm-none-eabi/lib/thumb/v7e-m+fp/hard\libcr_nohost_nf.a(__sys_flen.o)
 .debug_info    0x000138f3       0x6a C:/nxp/MCUXpressoIDE_24.12.148/ide/plugins/com.nxp.mcuxpresso.tools.win32_24.12.0.202407110909/tools/bin/../lib/gcc/arm-none-eabi/13.2.1/../../../../arm-none-eabi/lib/thumb/v7e-m+fp/hard\libcr_nohost_nf.a(__sys_istty.o)
 .debug_info    0x0001395d       0x93 C:/nxp/MCUXpressoIDE_24.12.148/ide/plugins/com.nxp.mcuxpresso.tools.win32_24.12.0.202407110909/tools/bin/../lib/gcc/arm-none-eabi/13.2.1/../../../../arm-none-eabi/lib/thumb/v7e-m+fp/hard\libcr_nohost_nf.a(__sys_read.o)
 .debug_info    0x000139f0       0x8a C:/nxp/MCUXpressoIDE_24.12.148/ide/plugins/com.nxp.mcuxpresso.tools.win32_24.12.0.202407110909/tools/bin/../lib/gcc/arm-none-eabi/13.2.1/../../../../arm-none-eabi/lib/thumb/v7e-m+fp/hard\libcr_nohost_nf.a(__sys_remove.o)
 .debug_info    0x00013a7a       0x78 C:/nxp/MCUXpressoIDE_24.12.148/ide/plugins/com.nxp.mcuxpresso.tools.win32_24.12.0.202407110909/tools/bin/../lib/gcc/arm-none-eabi/13.2.1/../../../../arm-none-eabi/lib/thumb/v7e-m+fp/hard\libcr_nohost_nf.a(__sys_seek.o)
 .debug_info    0x00013af2       0x93 C:/nxp/MCUXpressoIDE_24.12.148/ide/plugins/com.nxp.mcuxpresso.tools.win32_24.12.0.202407110909/tools/bin/../lib/gcc/arm-none-eabi/13.2.1/../../../../arm-none-eabi/lib/thumb/v7e-m+fp/hard\libcr_nohost_nf.a(__sys_tmpnam.o)

.debug_abbrev   0x00000000     0x4b57
 .debug_abbrev  0x00000000      0x22e ./utilities/fsl_debug_console.o
 .debug_abbrev  0x0000022e      0x17a ./startup/startup_mk64f12.o
 .debug_abbrev  0x000003a8      0x28f ./source/main.o
 .debug_abbrev  0x00000637       0x31 ./source/semihost_hardfault.o
 .debug_abbrev  0x00000668      0x378 ./drivers/fsl_clock.o
 .debug_abbrev  0x000009e0      0x1a5 ./drivers/fsl_gpio.o
 .debug_abbrev  0x00000b85      0x2cb ./drivers/fsl_rtc.o
 .debug_abbrev  0x00000e50      0x45d ./drivers/fsl_uart.o
 .debug_abbrev  0x000012ad      0x148 ./device/system_MK64F12.o
 .debug_abbrev  0x000013f5      0x214 ./component/uart/fsl_adapter_uart.o
 .debug_abbrev  0x00001609      0x25b ./component/serial_manager/fsl_component_serial_manager.o
 .debug_abbrev  0x00001864      0x18c ./component/serial_manager/fsl_component_serial_port_uart.o
 .debug_abbrev  0x000019f0       0xc7 ./board/board.o
 .debug_abbrev  0x00001ab7      0x279 ./board/clock_config.o
 .debug_abbrev  0x00001d30       0x61 ./board/peripherals.o
 .debug_abbrev  0x00001d91      0x2c6 ./board/pin_mux.o
 .debug_abbrev  0x00002057       0x70 C:/nxp/MCUXpressoIDE_24.12.148/ide/plugins/com.nxp.mcuxpresso.tools.win32_24.12.0.202407110909/tools/bin/../lib/gcc/arm-none-eabi/13.2.1/../../../../arm-none-eabi/lib/thumb/v7e-m+fp/hard\libcr_nohost_nf.a(_cr__main.o)
 .debug_abbrev  0x000020c7      0x12f C:/nxp/MCUXpressoIDE_24.12.148/ide/plugins/com.nxp.mcuxpresso.tools.win32_24.12.0.202407110909/tools/bin/../lib/gcc/arm-none-eabi/13.2.1/../../../../arm-none-eabi/lib/thumb/v7e-m+fp/hard\libcr_nohost_nf.a(_cr_assert.o)
 .debug_abbrev  0x000021f6       0xb5 C:/nxp/MCUXpressoIDE_24.12.148/ide/plugins/com.nxp.mcuxpresso.tools.win32_24.12.0.202407110909/tools/bin/../lib/gcc/arm-none-eabi/13.2.1/../../../../arm-none-eabi/lib/thumb/v7e-m+fp/hard\libcr_nohost_nf.a(__ciob.o)
 .debug_abbrev  0x000022ab       0x2e C:/nxp/MCUXpressoIDE_24.12.148/ide/plugins/com.nxp.mcuxpresso.tools.win32_24.12.0.202407110909/tools/bin/../lib/gcc/arm-none-eabi/13.2.1/../../../../arm-none-eabi/lib/thumb/v7e-m+fp/hard\libcr_nohost_nf.a(__sys_appexit.o)
 .debug_abbrev  0x000022d9       0xa8 C:/nxp/MCUXpressoIDE_24.12.148/ide/plugins/com.nxp.mcuxpresso.tools.win32_24.12.0.202407110909/tools/bin/../lib/gcc/arm-none-eabi/13.2.1/../../../../arm-none-eabi/lib/thumb/v7e-m+fp/hard\libcr_c.a(memset.o)
 .debug_abbrev  0x00002381      0x152 C:/nxp/MCUXpressoIDE_24.12.148/ide/plugins/com.nxp.mcuxpresso.tools.win32_24.12.0.202407110909/tools/bin/../lib/gcc/arm-none-eabi/13.2.1/../../../../arm-none-eabi/lib/thumb/v7e-m+fp/hard\libcr_c.a(_deferredlazyseek.o)
 .debug_abbrev  0x000024d3       0xf1 C:/nxp/MCUXpressoIDE_24.12.148/ide/plugins/com.nxp.mcuxpresso.tools.win32_24.12.0.202407110909/tools/bin/../lib/gcc/arm-none-eabi/13.2.1/../../../../arm-none-eabi/lib/thumb/v7e-m+fp/hard\libcr_c.a(_fflush.o)
 .debug_abbrev  0x000025c4      0x126 C:/nxp/MCUXpressoIDE_24.12.148/ide/plugins/com.nxp.mcuxpresso.tools.win32_24.12.0.202407110909/tools/bin/../lib/gcc/arm-none-eabi/13.2.1/../../../../arm-none-eabi/lib/thumb/v7e-m+fp/hard\libcr_c.a(_writebuf.o)
 .debug_abbrev  0x000026ea      0x284 C:/nxp/MCUXpressoIDE_24.12.148/ide/plugins/com.nxp.mcuxpresso.tools.win32_24.12.0.202407110909/tools/bin/../lib/gcc/arm-none-eabi/13.2.1/../../../../arm-none-eabi/lib/thumb/v7e-m+fp/hard\libcr_c.a(alloc.o)
 .debug_abbrev  0x0000296e       0x44 C:/nxp/MCUXpressoIDE_24.12.148/ide/plugins/com.nxp.mcuxpresso.tools.win32_24.12.0.202407110909/tools/bin/../lib/gcc/arm-none-eabi/13.2.1/../../../../arm-none-eabi/lib/thumb/v7e-m+fp/hard\libcr_c.a(errno.o)
 .debug_abbrev  0x000029b2      0x10c C:/nxp/MCUXpressoIDE_24.12.148/ide/plugins/com.nxp.mcuxpresso.tools.win32_24.12.0.202407110909/tools/bin/../lib/gcc/arm-none-eabi/13.2.1/../../../../arm-none-eabi/lib/thumb/v7e-m+fp/hard\libcr_c.a(fputs.o)
 .debug_abbrev  0x00002abe      0x11b C:/nxp/MCUXpressoIDE_24.12.148/ide/plugins/com.nxp.mcuxpresso.tools.win32_24.12.0.202407110909/tools/bin/../lib/gcc/arm-none-eabi/13.2.1/../../../../arm-none-eabi/lib/thumb/v7e-m+fp/hard\libcr_c.a(fseek.o)
 .debug_abbrev  0x00002bd9       0xc2 C:/nxp/MCUXpressoIDE_24.12.148/ide/plugins/com.nxp.mcuxpresso.tools.win32_24.12.0.202407110909/tools/bin/../lib/gcc/arm-none-eabi/13.2.1/../../../../arm-none-eabi/lib/thumb/v7e-m+fp/hard\libcr_c.a(ftell.o)
 .debug_abbrev  0x00002c9b      0x169 C:/nxp/MCUXpressoIDE_24.12.148/ide/plugins/com.nxp.mcuxpresso.tools.win32_24.12.0.202407110909/tools/bin/../lib/gcc/arm-none-eabi/13.2.1/../../../../arm-none-eabi/lib/thumb/v7e-m+fp/hard\libcr_c.a(initio.o)
 .debug_abbrev  0x00002e04      0x3ba C:/nxp/MCUXpressoIDE_24.12.148/ide/plugins/com.nxp.mcuxpresso.tools.win32_24.12.0.202407110909/tools/bin/../lib/gcc/arm-none-eabi/13.2.1/../../../../arm-none-eabi/lib/thumb/v7e-m+fp/hard\libcr_c.a(printf.o)
 .debug_abbrev  0x000031be      0x453 C:/nxp/MCUXpressoIDE_24.12.148/ide/plugins/com.nxp.mcuxpresso.tools.win32_24.12.0.202407110909/tools/bin/../lib/gcc/arm-none-eabi/13.2.1/../../../../arm-none-eabi/lib/thumb/v7e-m+fp/hard\libcr_c.a(scanf.o)
 .debug_abbrev  0x00003611       0xe1 C:/nxp/MCUXpressoIDE_24.12.148/ide/plugins/com.nxp.mcuxpresso.tools.win32_24.12.0.202407110909/tools/bin/../lib/gcc/arm-none-eabi/13.2.1/../../../../arm-none-eabi/lib/thumb/v7e-m+fp/hard\libcr_c.a(setvbuf.o)
 .debug_abbrev  0x000036f2       0xa7 C:/nxp/MCUXpressoIDE_24.12.148/ide/plugins/com.nxp.mcuxpresso.tools.win32_24.12.0.202407110909/tools/bin/../lib/gcc/arm-none-eabi/13.2.1/../../../../arm-none-eabi/lib/thumb/v7e-m+fp/hard\libcr_c.a(strlen.o)
 .debug_abbrev  0x00003799       0xb9 C:/nxp/MCUXpressoIDE_24.12.148/ide/plugins/com.nxp.mcuxpresso.tools.win32_24.12.0.202407110909/tools/bin/../lib/gcc/arm-none-eabi/13.2.1/../../../../arm-none-eabi/lib/thumb/v7e-m+fp/hard\libcr_c.a(ungetc.o)
 .debug_abbrev  0x00003852      0x228 C:/nxp/MCUXpressoIDE_24.12.148/ide/plugins/com.nxp.mcuxpresso.tools.win32_24.12.0.202407110909/tools/bin/../lib/gcc/arm-none-eabi/13.2.1/../../../../arm-none-eabi/lib/thumb/v7e-m+fp/hard\libcr_c.a(__fillbuf.o)
 .debug_abbrev  0x00003a7a       0xaf C:/nxp/MCUXpressoIDE_24.12.148/ide/plugins/com.nxp.mcuxpresso.tools.win32_24.12.0.202407110909/tools/bin/../lib/gcc/arm-none-eabi/13.2.1/../../../../arm-none-eabi/lib/thumb/v7e-m+fp/hard\libcr_c.a(__init_alloc.o)
 .debug_abbrev  0x00003b29       0xd3 C:/nxp/MCUXpressoIDE_24.12.148/ide/plugins/com.nxp.mcuxpresso.tools.win32_24.12.0.202407110909/tools/bin/../lib/gcc/arm-none-eabi/13.2.1/../../../../arm-none-eabi/lib/thumb/v7e-m+fp/hard\libcr_c.a(_cr_sbrk.o)
 .debug_abbrev  0x00003bfc      0x119 C:/nxp/MCUXpressoIDE_24.12.148/ide/plugins/com.nxp.mcuxpresso.tools.win32_24.12.0.202407110909/tools/bin/../lib/gcc/arm-none-eabi/13.2.1/../../../../arm-none-eabi/lib/thumb/v7e-m+fp/hard\libcr_c.a(_fdopen.o)
 .debug_abbrev  0x00003d15      0x114 C:/nxp/MCUXpressoIDE_24.12.148/ide/plugins/com.nxp.mcuxpresso.tools.win32_24.12.0.202407110909/tools/bin/../lib/gcc/arm-none-eabi/13.2.1/../../../../arm-none-eabi/lib/thumb/v7e-m+fp/hard\libcr_c.a(_frexpl.o)
 .debug_abbrev  0x00003e29      0x106 C:/nxp/MCUXpressoIDE_24.12.148/ide/plugins/com.nxp.mcuxpresso.tools.win32_24.12.0.202407110909/tools/bin/../lib/gcc/arm-none-eabi/13.2.1/../../../../arm-none-eabi/lib/thumb/v7e-m+fp/hard\libcr_c.a(_ldexpl.o)
 .debug_abbrev  0x00003f2f       0xba C:/nxp/MCUXpressoIDE_24.12.148/ide/plugins/com.nxp.mcuxpresso.tools.win32_24.12.0.202407110909/tools/bin/../lib/gcc/arm-none-eabi/13.2.1/../../../../arm-none-eabi/lib/thumb/v7e-m+fp/hard\libcr_c.a(ctype.o)
 .debug_abbrev  0x00003fe9      0x155 C:/nxp/MCUXpressoIDE_24.12.148/ide/plugins/com.nxp.mcuxpresso.tools.win32_24.12.0.202407110909/tools/bin/../lib/gcc/arm-none-eabi/13.2.1/../../../../arm-none-eabi/lib/thumb/v7e-m+fp/hard\libcr_c.a(fclose.o)
 .debug_abbrev  0x0000413e      0x125 C:/nxp/MCUXpressoIDE_24.12.148/ide/plugins/com.nxp.mcuxpresso.tools.win32_24.12.0.202407110909/tools/bin/../lib/gcc/arm-none-eabi/13.2.1/../../../../arm-none-eabi/lib/thumb/v7e-m+fp/hard\libcr_c.a(fflush.o)
 .debug_abbrev  0x00004263       0xfb C:/nxp/MCUXpressoIDE_24.12.148/ide/plugins/com.nxp.mcuxpresso.tools.win32_24.12.0.202407110909/tools/bin/../lib/gcc/arm-none-eabi/13.2.1/../../../../arm-none-eabi/lib/thumb/v7e-m+fp/hard\libcr_c.a(remove.o)
 .debug_abbrev  0x0000435e       0x6b C:/nxp/MCUXpressoIDE_24.12.148/ide/plugins/com.nxp.mcuxpresso.tools.win32_24.12.0.202407110909/tools/bin/../lib/gcc/arm-none-eabi/13.2.1/../../../../arm-none-eabi/lib/thumb/v7e-m+fp/hard\libcr_c.a(_cr_check_heap.o)
 .debug_abbrev  0x000043c9      0x12c C:/nxp/MCUXpressoIDE_24.12.148/ide/plugins/com.nxp.mcuxpresso.tools.win32_24.12.0.202407110909/tools/bin/../lib/gcc/arm-none-eabi/13.2.1/../../../../arm-none-eabi/lib/thumb/v7e-m+fp/hard\libcr_c.a(_do_fflush.o)
 .debug_abbrev  0x000044f5      0x378 C:/nxp/MCUXpressoIDE_24.12.148/ide/plugins/com.nxp.mcuxpresso.tools.win32_24.12.0.202407110909/tools/bin/../lib/gcc/arm-none-eabi/13.2.1/thumb/v7e-m+fp/hard\libcr_eabihelpers.a(double.o)
 .debug_abbrev  0x0000486d       0x5c C:/nxp/MCUXpressoIDE_24.12.148/ide/plugins/com.nxp.mcuxpresso.tools.win32_24.12.0.202407110909/tools/bin/../lib/gcc/arm-none-eabi/13.2.1/../../../../arm-none-eabi/lib/thumb/v7e-m+fp/hard\libcr_nohost_nf.a(__sys_close.o)
 .debug_abbrev  0x000048c9       0x5c C:/nxp/MCUXpressoIDE_24.12.148/ide/plugins/com.nxp.mcuxpresso.tools.win32_24.12.0.202407110909/tools/bin/../lib/gcc/arm-none-eabi/13.2.1/../../../../arm-none-eabi/lib/thumb/v7e-m+fp/hard\libcr_nohost_nf.a(__sys_flen.o)
 .debug_abbrev  0x00004925       0x5c C:/nxp/MCUXpressoIDE_24.12.148/ide/plugins/com.nxp.mcuxpresso.tools.win32_24.12.0.202407110909/tools/bin/../lib/gcc/arm-none-eabi/13.2.1/../../../../arm-none-eabi/lib/thumb/v7e-m+fp/hard\libcr_nohost_nf.a(__sys_istty.o)
 .debug_abbrev  0x00004981       0x76 C:/nxp/MCUXpressoIDE_24.12.148/ide/plugins/com.nxp.mcuxpresso.tools.win32_24.12.0.202407110909/tools/bin/../lib/gcc/arm-none-eabi/13.2.1/../../../../arm-none-eabi/lib/thumb/v7e-m+fp/hard\libcr_nohost_nf.a(__sys_read.o)
 .debug_abbrev  0x000049f7       0x7d C:/nxp/MCUXpressoIDE_24.12.148/ide/plugins/com.nxp.mcuxpresso.tools.win32_24.12.0.202407110909/tools/bin/../lib/gcc/arm-none-eabi/13.2.1/../../../../arm-none-eabi/lib/thumb/v7e-m+fp/hard\libcr_nohost_nf.a(__sys_remove.o)
 .debug_abbrev  0x00004a74       0x6d C:/nxp/MCUXpressoIDE_24.12.148/ide/plugins/com.nxp.mcuxpresso.tools.win32_24.12.0.202407110909/tools/bin/../lib/gcc/arm-none-eabi/13.2.1/../../../../arm-none-eabi/lib/thumb/v7e-m+fp/hard\libcr_nohost_nf.a(__sys_seek.o)
 .debug_abbrev  0x00004ae1       0x76 C:/nxp/MCUXpressoIDE_24.12.148/ide/plugins/com.nxp.mcuxpresso.tools.win32_24.12.0.202407110909/tools/bin/../lib/gcc/arm-none-eabi/13.2.1/../../../../arm-none-eabi/lib/thumb/v7e-m+fp/hard\libcr_nohost_nf.a(__sys_tmpnam.o)

.debug_aranges  0x00000000     0x1240
 .debug_aranges